Archive member included to satisfy reference by file (symbol)

app/libapp.a(main.c.obj)      (--whole-archive)
zephyr/libzephyr.a(heap.c.obj)
                              (--whole-archive)
zephyr/libzephyr.a(cbprintf_packaged.c.obj)
                              (--whole-archive)
zephyr/libzephyr.a(printk.c.obj)
                              (--whole-archive)
zephyr/libzephyr.a(sem.c.obj)
                              (--whole-archive)
zephyr/libzephyr.a(thread_entry.c.obj)
                              (--whole-archive)
zephyr/libzephyr.a(cbprintf_complete.c.obj)
                              (--whole-archive)
zephyr/libzephyr.a(assert.c.obj)
                              (--whole-archive)
zephyr/libzephyr.a(mpsc_pbuf.c.obj)
                              (--whole-archive)
zephyr/libzephyr.a(dec.c.obj)
                              (--whole-archive)
zephyr/libzephyr.a(hex.c.obj)
                              (--whole-archive)
zephyr/libzephyr.a(rb.c.obj)  (--whole-archive)
zephyr/libzephyr.a(timeutil.c.obj)
                              (--whole-archive)
zephyr/libzephyr.a(bitarray.c.obj)
                              (--whole-archive)
zephyr/libzephyr.a(onoff.c.obj)
                              (--whole-archive)
zephyr/libzephyr.a(notify.c.obj)
                              (--whole-archive)
zephyr/libzephyr.a(configs.c.obj)
                              (--whole-archive)
zephyr/libzephyr.a(log_core.c.obj)
                              (--whole-archive)
zephyr/libzephyr.a(log_mgmt.c.obj)
                              (--whole-archive)
zephyr/libzephyr.a(log_cache.c.obj)
                              (--whole-archive)
zephyr/libzephyr.a(log_msg.c.obj)
                              (--whole-archive)
zephyr/libzephyr.a(log_output.c.obj)
                              (--whole-archive)
zephyr/libzephyr.a(log_backend_rtt.c.obj)
                              (--whole-archive)
zephyr/libzephyr.a(log_backend_uart.c.obj)
                              (--whole-archive)
zephyr/libzephyr.a(mem_attr.c.obj)
                              (--whole-archive)
zephyr/libzephyr.a(tracing_none.c.obj)
                              (--whole-archive)
zephyr/arch/common/libarch__common.a(sw_isr_common.c.obj)
                              (--whole-archive)
zephyr/arch/arch/arm/core/libarch__arm__core.a(fatal.c.obj)
                              (--whole-archive)
zephyr/arch/arch/arm/core/libarch__arm__core.a(nmi.c.obj)
                              (--whole-archive)
zephyr/arch/arch/arm/core/libarch__arm__core.a(nmi_on_reset.S.obj)
                              (--whole-archive)
zephyr/arch/arch/arm/core/libarch__arm__core.a(tls.c.obj)
                              (--whole-archive)
zephyr/arch/arch/arm/core/cortex_m/libarch__arm__core__cortex_m.a(exc_exit.c.obj)
                              (--whole-archive)
zephyr/arch/arch/arm/core/cortex_m/libarch__arm__core__cortex_m.a(fault.c.obj)
                              (--whole-archive)
zephyr/arch/arch/arm/core/cortex_m/libarch__arm__core__cortex_m.a(fault_s.S.obj)
                              (--whole-archive)
zephyr/arch/arch/arm/core/cortex_m/libarch__arm__core__cortex_m.a(fpu.c.obj)
                              (--whole-archive)
zephyr/arch/arch/arm/core/cortex_m/libarch__arm__core__cortex_m.a(reset.S.obj)
                              (--whole-archive)
zephyr/arch/arch/arm/core/cortex_m/libarch__arm__core__cortex_m.a(scb.c.obj)
                              (--whole-archive)
zephyr/arch/arch/arm/core/cortex_m/libarch__arm__core__cortex_m.a(thread_abort.c.obj)
                              (--whole-archive)
zephyr/arch/arch/arm/core/cortex_m/libarch__arm__core__cortex_m.a(vector_table.S.obj)
                              (--whole-archive)
zephyr/arch/arch/arm/core/cortex_m/libarch__arm__core__cortex_m.a(swap.c.obj)
                              (--whole-archive)
zephyr/arch/arch/arm/core/cortex_m/libarch__arm__core__cortex_m.a(swap_helper.S.obj)
                              (--whole-archive)
zephyr/arch/arch/arm/core/cortex_m/libarch__arm__core__cortex_m.a(irq_manage.c.obj)
                              (--whole-archive)
zephyr/arch/arch/arm/core/cortex_m/libarch__arm__core__cortex_m.a(prep_c.c.obj)
                              (--whole-archive)
zephyr/arch/arch/arm/core/cortex_m/libarch__arm__core__cortex_m.a(thread.c.obj)
                              (--whole-archive)
zephyr/arch/arch/arm/core/cortex_m/libarch__arm__core__cortex_m.a(cpu_idle.c.obj)
                              (--whole-archive)
zephyr/arch/arch/arm/core/cortex_m/libarch__arm__core__cortex_m.a(irq_init.c.obj)
                              (--whole-archive)
zephyr/arch/arch/arm/core/cortex_m/libarch__arm__core__cortex_m.a(isr_wrapper.c.obj)
                              (--whole-archive)
zephyr/arch/arch/arm/core/cortex_m/libarch__arm__core__cortex_m.a(__aeabi_read_tp.S.obj)
                              (--whole-archive)
zephyr/arch/arch/arm/core/mpu/libarch__arm__core__mpu.a(arm_core_mpu.c.obj)
[...]
Memory Configuration

Name             Origin             Length             Attributes
FLASH            0x0000000000000000 0x0000000000080000 xr
RAM              0x0000000020000000 0x0000000000010000 xw
IDT_LIST         0x00000000ffff7fff 0x0000000000008000 xw
*default*        0x0000000000000000 0xffffffffffffffff

Linker script and memory map

LOAD zephyr/CMakeFiles/zephyr_pre0.dir/misc/empty_file.c.obj
LOAD zephyr/CMakeFiles/offsets.dir/./arch/arm/core/offsets/offsets.c.obj
LOAD app/libapp.a
LOAD zephyr/libzephyr.a
LOAD zephyr/arch/common/libarch__common.a
LOAD zephyr/arch/arch/arm/core/libarch__arm__core.a
LOAD zephyr/arch/arch/arm/core/cortex_m/libarch__arm__core__cortex_m.a
LOAD zephyr/arch/arch/arm/core/mpu/libarch__arm__core__mpu.a
LOAD zephyr/lib/libc/picolibc/liblib__libc__picolibc.a
LOAD zephyr/lib/libc/common/liblib__libc__common.a
LOAD zephyr/soc/soc/nrf52832/libsoc__nordic.a
LOAD zephyr/drivers/clock_control/libdrivers__clock_control.a
LOAD zephyr/drivers/console/libdrivers__console.a
LOAD zephyr/drivers/gpio/libdrivers__gpio.a
LOAD zephyr/drivers/pinctrl/libdrivers__pinctrl.a
LOAD zephyr/drivers/serial/libdrivers__serial.a
LOAD zephyr/drivers/timer/libdrivers__timer.a
LOAD modules/hal_nordic/nrfx/libmodules__hal_nordic__nrfx.a
LOAD modules/segger/libmodules__segger.a
LOAD zephyr/kernel/libkernel.a
LOAD /home/jerdan/zephyr-sdk-0.16.3/arm-zephyr-eabi/bin/../lib/gcc/arm-zephyr-eabi/12.2.0/thumb/v7e-m/nofp/libgcc.a
LOAD zephyr/arch/common/libisr_tables.a
LOAD /home/jerdan/zephyr-sdk-0.16.3/arm-zephyr-eabi/bin/../lib/gcc/../../picolibc/arm-zephyr-eabi/lib/thumb/v7e-m/nofp/libc.a
LOAD /home/jerdan/zephyr-sdk-0.16.3/arm-zephyr-eabi/bin/../lib/gcc/arm-zephyr-eabi/12.2.0/thumb/v7e-m/nofp/libgcc.a
                0x0000000000000020                _region_min_align = 0x20

.rel.plt        0x0000000000000000        0x0
 *(SORT_BY_ALIGNMENT(.rel.plt))
                [!provide]                        PROVIDE (__rel_iplt_start = .)
 *(SORT_BY_ALIGNMENT(.rel.iplt))
 .rel.iplt      0x0000000000000000        0x0 app/libapp.a(main.c.obj)
                [!provide]                        PROVIDE (__rel_iplt_end = .)

.rela.plt       0x0000000000000000        0x0
 *(SORT_BY_ALIGNMENT(.rela.plt))
                [!provide]                        PROVIDE (__rela_iplt_start = .)
 *(SORT_BY_ALIGNMENT(.rela.iplt))
                [!provide]                        PROVIDE (__rela_iplt_end = .)

.rel.dyn
 *(SORT_BY_ALIGNMENT(.rel.*))

.rela.dyn
 *(SORT_BY_ALIGNMENT(.rela.*))

/DISCARD/
 *(SORT_BY_ALIGNMENT(.plt))

/DISCARD/
 *(SORT_BY_ALIGNMENT(.iplt))
                0x0000000000000000                __rom_region_start = 0x0

rom_start       0x0000000000000000       0xdc
                0x0000000000000000                __rom_start_address = .
 FILL mask 0x00
                0x0000000000000000                . = (. + (0x0 - (. - __rom_start_address)))
                0x0000000000000000                . = ALIGN (0x4)
                0x0000000000000000                . = ALIGN (0x80)
                0x0000000000000000                . = ALIGN (0x100)
                0x0000000000000000                _vector_start = .
 *(SORT_BY_ALIGNMENT(.exc_vector_table))
 *(SORT_BY_ALIGNMENT(.exc_vector_table.*))
 .exc_vector_table._vector_table_section
                0x0000000000000000       0x40 zephyr/arch/arch/arm/core/cortex_m/libarch__arm__core__cortex_m.a(vector_table.S.obj)
                0x0000000000000000                _vector_table
 *(SORT_BY_ALIGNMENT(.vectors))
                0x00000000000000dc                _vector_end = .
                0x0000000000000040                . = ALIGN (0x4)
 *(SORT_BY_ALIGNMENT(.gnu.linkonce.irq_vector_table*))
 .gnu.linkonce.irq_vector_table
                0x0000000000000040       0x9c zephyr/arch/common/libisr_tables.a(isr_tables.c.obj)
                0x0000000000000040                _irq_vector_table
                0x00000000000000dc                _vector_end = .

text            0x00000000000000dc     0x7a28
                0x00000000000000dc                __text_region_start = .
 *(SORT_BY_ALIGNMENT(.text))
 .text          0x00000000000000dc       0x30 /home/jerdan/zephyr-sdk-0.16.3/arm-zephyr-eabi/bin/../lib/gcc/arm-zephyr-eabi/12.2.0/thumb/v7e-m/nofp/libgcc.a(_aeabi_uldivmod.o)
                0x00000000000000dc                __aeabi_uldivmod
 .text          0x000000000000010c        0x4 /home/jerdan/zephyr-sdk-0.16.3/arm-zephyr-eabi/bin/../lib/gcc/arm-zephyr-eabi/12.2.0/thumb/v7e-m/nofp/libgcc.a(_dvmd_tls.o)
                0x000000000000010c                __aeabi_ldiv0
                0x000000000000010c                __aeabi_idiv0
 .text          0x0000000000000110      0x2a0 /home/jerdan/zephyr-sdk-0.16.3/arm-zephyr-eabi/bin/../lib/gcc/arm-zephyr-eabi/12.2.0/thumb/v7e-m/nofp/libgcc.a(_udivmoddi4.o)
                0x0000000000000110                __udivmoddi4
 .text          0x00000000000003b0       0x10 /home/jerdan/zephyr-sdk-0.16.3/arm-zephyr-eabi/bin/../lib/gcc/../../picolibc/arm-zephyr-eabi/lib/thumb/v7e-m/nofp/libc.a(strlen.S.o)
                0x00000000000003b0                strlen
 *(SORT_BY_ALIGNMENT(.text.*))
 .text.main     0x00000000000003c0       0x74 app/libapp.a(main.c.obj)
                0x00000000000003c0                main
 .text.cbvprintf_package
                0x0000000000000434      0x3a4 zephyr/libzephyr.a(cbprintf_packaged.c.obj)
                0x0000000000000434                cbvprintf_package
 .text.cbprintf_package_convert
                0x00000000000007d8      0x3c0 zephyr/libzephyr.a(cbprintf_packaged.c.obj)
                0x00000000000007d8                cbprintf_package_convert
 .text.__printk_hook_install
                0x0000000000000b98        0xc zephyr/libzephyr.a(printk.c.obj)
                0x0000000000000b98                __printk_hook_install
 .text.z_thread_entry
                0x0000000000000ba4       0x34 zephyr/libzephyr.a(thread_entry.c.obj)
                0x0000000000000ba4                z_thread_entry
 .text.process_event
                0x0000000000000bd8      0x21c zephyr/libzephyr.a(onoff.c.obj)
 .text.activate_foreach_backend
                0x0000000000000df4       0x64 zephyr/libzephyr.a(log_core.c.obj)
 .text.enable_logger
                0x0000000000000e58       0x5c zephyr/libzephyr.a(log_core.c.obj)
 .text.log_process_thread_timer_expiry_fn
                0x0000000000000eb4        0xc zephyr/libzephyr.a(log_core.c.obj)
 .text.z_log_init
                0x0000000000000ec0       0x90 zephyr/libzephyr.a(log_core.c.obj)
 .text.log_format_func_t_get
                0x0000000000000f50        0xc zephyr/libzephyr.a(log_core.c.obj)
                0x0000000000000f50                log_format_func_t_get
 .text.log_set_timestamp_func
                0x0000000000000f5c       0x20 zephyr/libzephyr.a(log_core.c.obj)
                0x0000000000000f5c                log_set_timestamp_func
 .text.z_log_notify_backend_enabled
                0x0000000000000f7c       0x1c zephyr/libzephyr.a(log_core.c.obj)
                0x0000000000000f7c                z_log_notify_backend_enabled
 .text.z_log_dropped
                0x0000000000000f98       0x44 zephyr/libzephyr.a(log_core.c.obj)
                0x0000000000000f98                z_log_dropped
 .text.z_log_dropped_read_and_clear
                0x0000000000000fdc       0x20 zephyr/libzephyr.a(log_core.c.obj)
                0x0000000000000fdc                z_log_dropped_read_and_clear
 .text.dropped_notify
                0x0000000000000ffc       0x30 zephyr/libzephyr.a(log_core.c.obj)
                0x0000000000000ffc                dropped_notify
 .text.z_log_msg_init
                0x000000000000102c       0x20 zephyr/libzephyr.a(log_core.c.obj)
                0x000000000000102c                z_log_msg_init
 .text.log_core_init
                0x000000000000104c       0x34 zephyr/libzephyr.a(log_core.c.obj)
                0x000000000000104c                log_core_init
 .text.z_log_msg_alloc
                0x0000000000001080       0x10 zephyr/libzephyr.a(log_core.c.obj)
                0x0000000000001080                z_log_msg_alloc
 .text.z_log_msg_local_claim
                0x0000000000001090        0xc zephyr/libzephyr.a(log_core.c.obj)
                0x0000000000001090                z_log_msg_local_claim
 .text.z_log_msg_free
                0x000000000000109c       0x10 zephyr/libzephyr.a(log_core.c.obj)
                0x000000000000109c                z_log_msg_free
 .text.z_log_msg_pending
                0x00000000000010ac        0xc zephyr/libzephyr.a(log_core.c.obj)
                0x00000000000010ac                z_log_msg_pending
 .text.z_impl_log_process
                0x00000000000010b8       0xbc zephyr/libzephyr.a(log_core.c.obj)
                0x00000000000010b8                z_impl_log_process
 .text.z_impl_log_panic
                0x0000000000001174       0x44 zephyr/libzephyr.a(log_core.c.obj)
                0x0000000000001174                z_impl_log_panic
 .text.log_process_thread_func
                0x00000000000011b8       0xa4 zephyr/libzephyr.a(log_core.c.obj)
 .text.z_log_msg_post_finalize
                0x000000000000125c       0x78 zephyr/libzephyr.a(log_core.c.obj)
 .text.z_log_msg_commit
                0x00000000000012d4       0x24 zephyr/libzephyr.a(log_core.c.obj)
                0x00000000000012d4                z_log_msg_commit
 .text.log_source_name_get
                0x00000000000012f8       0x1c zephyr/libzephyr.a(log_mgmt.c.obj)
                0x00000000000012f8                log_source_name_get
 .text.log_backend_enable
                0x0000000000001314       0x28 zephyr/libzephyr.a(log_mgmt.c.obj)
                0x0000000000001314                log_backend_enable
 .text.z_impl_z_log_msg_static_create
                0x000000000000133c      0x108 zephyr/libzephyr.a(log_msg.c.obj)
                0x000000000000133c                z_impl_z_log_msg_static_create
 .text.z_log_msg_runtime_vcreate
                0x0000000000001444       0xa0 zephyr/libzephyr.a(log_msg.c.obj)
                0x0000000000001444                z_log_msg_runtime_vcreate
 .text.log_msg_get_source_id
                0x00000000000014e4       0x18 zephyr/libzephyr.a(log_msg.c.obj)
                0x00000000000014e4                log_msg_get_source_id
 .text.print_formatted
                0x00000000000014fc       0x24 zephyr/libzephyr.a(log_output.c.obj)
 .text.newline_print
                0x0000000000001520       0x1c zephyr/libzephyr.a(log_output.c.obj)
 .text.log_output_process
                0x000000000000153c      0x2dc zephyr/libzephyr.a(log_output.c.obj)
                0x000000000000153c                log_output_process
 .text.log_output_dropped_process
                0x0000000000001818       0x58 zephyr/libzephyr.a(log_output.c.obj)
                0x0000000000001818                log_output_dropped_process
 .text.log_output_timestamp_freq_set
                0x0000000000001870       0x2c zephyr/libzephyr.a(log_output.c.obj)
                0x0000000000001870                log_output_timestamp_freq_set
 .text.log_backend_rtt_init
                0x000000000000189c        0xc zephyr/libzephyr.a(log_backend_rtt.c.obj)
 .text.format_set
                0x00000000000018a8        0xc zephyr/libzephyr.a(log_backend_rtt.c.obj)
 .text.panic    0x00000000000018b4       0x14 zephyr/libzephyr.a(log_backend_rtt.c.obj)
 .text.dropped  0x00000000000018c8        0xc zephyr/libzephyr.a(log_backend_rtt.c.obj)
 .text.process  0x00000000000018d4       0x24 zephyr/libzephyr.a(log_backend_rtt.c.obj)
 .text.on_failed_write
                0x00000000000018f8       0x28 zephyr/libzephyr.a(log_backend_rtt.c.obj)
 .text.data_out_block_mode
                0x0000000000001920       0x84 zephyr/libzephyr.a(log_backend_rtt.c.obj)
 .text.char_out
                0x00000000000019a4       0x24 zephyr/libzephyr.a(log_backend_uart.c.obj)
 .text.mem_attr_get_regions
                0x00000000000019c8        0xc zephyr/libzephyr.a(mem_attr.c.obj)
                0x00000000000019c8                mem_attr_get_regions
 .text.z_arm_fatal_error
                0x00000000000019d4       0xb8 zephyr/arch/arch/arm/core/libarch__arm__core.a(fatal.c.obj)
                0x00000000000019d4                z_arm_fatal_error
 .text.z_SysNmiOnReset
                0x0000000000001a8c        0x8 zephyr/arch/arch/arm/core/libarch__arm__core.a(nmi_on_reset.S.obj)
                0x0000000000001a8c                z_SysNmiOnReset
 .text.arch_tls_stack_setup
                0x0000000000001a94       0x40 zephyr/arch/arch/arm/core/libarch__arm__core.a(tls.c.obj)
                0x0000000000001a94                arch_tls_stack_setup
 .text._HandlerModeExit
                0x0000000000001ad4       0x28 zephyr/arch/arch/arm/core/cortex_m/libarch__arm__core__cortex_m.a(exc_exit.c.obj)
                0x0000000000001ad4                z_arm_exc_exit
                0x0000000000001ad4                z_arm_int_exit
 .text.bus_fault.constprop.0
                0x0000000000001afc       0xd0 zephyr/arch/arch/arm/core/cortex_m/libarch__arm__core__cortex_m.a(fault.c.obj)
 .text.usage_fault.constprop.0
                0x0000000000001bcc       0xa8 zephyr/arch/arch/arm/core/cortex_m/libarch__arm__core__cortex_m.a(fault.c.obj)
 .text.mem_manage_fault
                0x0000000000001c74      0x104 zephyr/arch/arch/arm/core/cortex_m/libarch__arm__core__cortex_m.a(fault.c.obj)
 .text.z_arm_fault
                0x0000000000001d78      0x1d4 zephyr/arch/arch/arm/core/cortex_m/libarch__arm__core__cortex_m.a(fault.c.obj)
                0x0000000000001d78                z_arm_fault
 .text.z_arm_fault_init
                0x0000000000001f4c       0x18 zephyr/arch/arch/arm/core/cortex_m/libarch__arm__core__cortex_m.a(fault.c.obj)
                0x0000000000001f4c                z_arm_fault_init
 .text.__fault  0x0000000000001f64       0x14 zephyr/arch/arch/arm/core/cortex_m/libarch__arm__core__cortex_m.a(fault_s.S.obj)
                0x0000000000001f64                z_arm_bus_fault
                0x0000000000001f64                z_arm_usage_fault
                0x0000000000001f64                z_arm_mpu_fault
                0x0000000000001f64                z_arm_exc_spurious
                0x0000000000001f64                z_arm_debug_monitor
                0x0000000000001f64                z_arm_hard_fault
 .text._reset_section
                0x0000000000001f78       0x30 zephyr/arch/arch/arm/core/cortex_m/libarch__arm__core__cortex_m.a(reset.S.obj)
                0x0000000000001f78                z_arm_reset
                0x0000000000001f78                __start
 .text.z_impl_k_thread_abort
                0x0000000000001fa8       0x2c zephyr/arch/arch/arm/core/cortex_m/libarch__arm__core__cortex_m.a(thread_abort.c.obj)
                0x0000000000001fa8                z_impl_k_thread_abort
 .text.arch_swap
                0x0000000000001fd4       0x30 zephyr/arch/arch/arm/core/cortex_m/libarch__arm__core__cortex_m.a(swap.c.obj)
                0x0000000000001fd4                arch_swap
 .text.z_arm_pendsv_c
                0x0000000000002004       0x48 zephyr/arch/arch/arm/core/cortex_m/libarch__arm__core__cortex_m.a(swap.c.obj)
                0x0000000000002004                z_arm_pendsv_c
 .text.z_arm_pendsv
                0x000000000000204c       0x34 zephyr/arch/arch/arm/core/cortex_m/libarch__arm__core__cortex_m.a(swap_helper.S.obj)
                0x000000000000204c                z_arm_pendsv
 .text.z_arm_svc
                0x0000000000002080       0x20 zephyr/arch/arch/arm/core/cortex_m/libarch__arm__core__cortex_m.a(swap_helper.S.obj)
                0x0000000000002080                z_arm_svc
 .text.arch_irq_enable
                0x00000000000020a0       0x1c zephyr/arch/arch/arm/core/cortex_m/libarch__arm__core__cortex_m.a(irq_manage.c.obj)
                0x00000000000020a0                arch_irq_enable
 .text.arch_irq_is_enabled
                0x00000000000020bc       0x1c zephyr/arch/arch/arm/core/cortex_m/libarch__arm__core__cortex_m.a(irq_manage.c.obj)
                0x00000000000020bc                arch_irq_is_enabled
 .text.z_arm_irq_priority_set
                0x00000000000020d8       0x30 zephyr/arch/arch/arm/core/cortex_m/libarch__arm__core__cortex_m.a(irq_manage.c.obj)
                0x00000000000020d8                z_arm_irq_priority_set
 .text.z_prep_c
                0x0000000000002108       0x48 zephyr/arch/arch/arm/core/cortex_m/libarch__arm__core__cortex_m.a(prep_c.c.obj)
                0x0000000000002108                z_prep_c
 .text.arch_new_thread
                0x0000000000002150       0x38 zephyr/arch/arch/arm/core/cortex_m/libarch__arm__core__cortex_m.a(thread.c.obj)
                0x0000000000002150                arch_new_thread
 .text.z_check_thread_stack_fail
                0x0000000000002188       0x2c zephyr/arch/arch/arm/core/cortex_m/libarch__arm__core__cortex_m.a(thread.c.obj)
                0x0000000000002188                z_check_thread_stack_fail
 .text.arch_switch_to_main_thread
                0x00000000000021b4       0x44 zephyr/arch/arch/arm/core/cortex_m/libarch__arm__core__cortex_m.a(thread.c.obj)
                0x00000000000021b4                arch_switch_to_main_thread
 .text.z_arm_cpu_idle_init
                0x00000000000021f8        0xc zephyr/arch/arch/arm/core/cortex_m/libarch__arm__core__cortex_m.a(cpu_idle.c.obj)
                0x00000000000021f8                z_arm_cpu_idle_init
 .text.z_arm_interrupt_init
                0x0000000000002204       0x18 zephyr/arch/arch/arm/core/cortex_m/libarch__arm__core__cortex_m.a(irq_init.c.obj)
                0x0000000000002204                z_arm_interrupt_init
 .text._isr_wrapper
                0x000000000000221c       0x24 zephyr/arch/arch/arm/core/cortex_m/libarch__arm__core__cortex_m.a(isr_wrapper.c.obj)
                0x000000000000221c                _isr_wrapper
 .text.z_arm_configure_static_mpu_regions
                0x0000000000002240       0x18 zephyr/arch/arch/arm/core/mpu/libarch__arm__core__mpu.a(arm_core_mpu.c.obj)
                0x0000000000002240                z_arm_configure_static_mpu_regions
 .text.z_arm_configure_dynamic_mpu_regions
                0x0000000000002258       0x20 zephyr/arch/arch/arm/core/mpu/libarch__arm__core__mpu.a(arm_core_mpu.c.obj)
                0x0000000000002258                z_arm_configure_dynamic_mpu_regions
 .text.region_allocate_and_init
                0x0000000000002278       0x54 zephyr/arch/arch/arm/core/mpu/libarch__arm__core__mpu.a(arm_mpu.c.obj)
 .text.mpu_configure_regions
                0x00000000000022cc       0x68 zephyr/arch/arch/arm/core/mpu/libarch__arm__core__mpu.a(arm_mpu.c.obj)
 .text.arm_core_mpu_enable
                0x0000000000002334       0x18 zephyr/arch/arch/arm/core/mpu/libarch__arm__core__mpu.a(arm_mpu.c.obj)
                0x0000000000002334                arm_core_mpu_enable
 .text.arm_core_mpu_disable
                0x000000000000234c       0x14 zephyr/arch/arch/arm/core/mpu/libarch__arm__core__mpu.a(arm_mpu.c.obj)
                0x000000000000234c                arm_core_mpu_disable
 .text.arm_core_mpu_configure_static_mpu_regions
                0x0000000000002360       0x14 zephyr/arch/arch/arm/core/mpu/libarch__arm__core__mpu.a(arm_mpu.c.obj)
                0x0000000000002360                arm_core_mpu_configure_static_mpu_regions
 .text.arm_core_mpu_configure_dynamic_mpu_regions
                0x0000000000002374       0x38 zephyr/arch/arch/arm/core/mpu/libarch__arm__core__mpu.a(arm_mpu.c.obj)
                0x0000000000002374                arm_core_mpu_configure_dynamic_mpu_regions
 .text.z_arm_mpu_init
                0x00000000000023ac      0x17c zephyr/arch/arch/arm/core/mpu/libarch__arm__core__mpu.a(arm_mpu.c.obj)
                0x00000000000023ac                z_arm_mpu_init
 .text.z_impl_zephyr_fputc
                0x0000000000002528       0x10 zephyr/lib/libc/picolibc/liblib__libc__picolibc.a(libc-hooks.c.obj)
                0x0000000000002528                z_impl_zephyr_fputc
 .text.__stdout_hook_install
                0x0000000000002538       0x18 zephyr/lib/libc/picolibc/liblib__libc__picolibc.a(libc-hooks.c.obj)
                0x0000000000002538                __stdout_hook_install
 .text.cbvprintf
                0x0000000000002550       0x38 zephyr/lib/libc/picolibc/liblib__libc__picolibc.a(libc-hooks.c.obj)
                0x0000000000002550                cbvprintf
 .text.malloc_prepare
                0x0000000000002588       0x24 zephyr/lib/libc/common/liblib__libc__common.a(malloc.c.obj)
 .text.nordicsemi_nrf52_init
                0x00000000000025ac       0x10 zephyr/soc/soc/nrf52832/libsoc__nordic.a(soc.c.obj)
 .text.arch_busy_wait
                0x00000000000025bc       0x14 zephyr/soc/soc/nrf52832/libsoc__nordic.a(soc.c.obj)
                0x00000000000025bc                arch_busy_wait
 .text.onoff_stop
                0x00000000000025d0       0x30 zephyr/drivers/clock_control/libdrivers__clock_control.a(clock_control_nrf.c.obj)
 .text.onoff_start
                0x0000000000002600       0x44 zephyr/drivers/clock_control/libdrivers__clock_control.a(clock_control_nrf.c.obj)
 .text.clk_init
                0x0000000000002644       0x58 zephyr/drivers/clock_control/libdrivers__clock_control.a(clock_control_nrf.c.obj)
 .text.api_blocking_start
                0x000000000000269c       0x34 zephyr/drivers/clock_control/libdrivers__clock_control.a(clock_control_nrf.c.obj)
 .text.lfclk_start
                0x00000000000026d0       0x24 zephyr/drivers/clock_control/libdrivers__clock_control.a(clock_control_nrf.c.obj)
 .text.generic_hfclk_stop
                0x00000000000026f4       0x34 zephyr/drivers/clock_control/libdrivers__clock_control.a(clock_control_nrf.c.obj)
 .text.clkstarted_handle.constprop.0
                0x0000000000002728       0x4c zephyr/drivers/clock_control/libdrivers__clock_control.a(clock_control_nrf.c.obj)
 .text.generic_hfclk_start
                0x0000000000002774       0x78 zephyr/drivers/clock_control/libdrivers__clock_control.a(clock_control_nrf.c.obj)
 .text.clock_event_handler
                0x00000000000027ec       0x1c zephyr/drivers/clock_control/libdrivers__clock_control.a(clock_control_nrf.c.obj)
 .text.z_nrf_clock_control_lf_on
                0x0000000000002808       0xfc zephyr/drivers/clock_control/libdrivers__clock_control.a(clock_control_nrf.c.obj)
                0x0000000000002808                z_nrf_clock_control_lf_on
 .text.uart_console_init
                0x0000000000002904       0x28 zephyr/drivers/console/libdrivers__console.a(uart_console.c.obj)
 .text.console_out
                0x000000000000292c       0x28 zephyr/drivers/console/libdrivers__console.a(uart_console.c.obj)
 .text.gpio_nrfx_init
                0x0000000000002954       0x48 zephyr/drivers/gpio/libdrivers__gpio.a(gpio_nrfx.c.obj)
 .text.nrfx_gpio_handler
                0x000000000000299c       0x3c zephyr/drivers/gpio/libdrivers__gpio.a(gpio_nrfx.c.obj)
 .text.gpio_nrfx_pin_configure
                0x00000000000029d8      0x180 zephyr/drivers/gpio/libdrivers__gpio.a(gpio_nrfx.c.obj)
 .text.gpio_nrfx_pin_interrupt_configure
                0x0000000000002b58       0xf4 zephyr/drivers/gpio/libdrivers__gpio.a(gpio_nrfx.c.obj)
 .text.pinctrl_configure_pins
                0x0000000000002c4c      0x17c zephyr/drivers/pinctrl/libdrivers__pinctrl.a(pinctrl_nrf.c.obj)
                0x0000000000002c4c                pinctrl_configure_pins
 .text.uarte_0_init
                0x0000000000002dc8       0xec zephyr/drivers/serial/libdrivers__serial.a(uart_nrfx_uarte.c.obj)
 .text.uarte_nrfx_poll_out
                0x0000000000002eb4       0xcc zephyr/drivers/serial/libdrivers__serial.a(uart_nrfx_uarte.c.obj)
 .text.compare_int_lock
                0x0000000000002f80       0x48 zephyr/drivers/timer/libdrivers__timer.a(nrf_rtc_timer.c.obj)
 .text.sys_clock_timeout_handler
                0x0000000000002fc8       0x48 zephyr/drivers/timer/libdrivers__timer.a(nrf_rtc_timer.c.obj)
 .text.compare_int_unlock
                0x0000000000003010       0x5c zephyr/drivers/timer/libdrivers__timer.a(nrf_rtc_timer.c.obj)
 .text.z_nrf_rtc_timer_read
                0x000000000000306c       0x44 zephyr/drivers/timer/libdrivers__timer.a(nrf_rtc_timer.c.obj)
                0x000000000000306c                z_nrf_rtc_timer_read
 .text.compare_set
                0x00000000000030b0      0x130 zephyr/drivers/timer/libdrivers__timer.a(nrf_rtc_timer.c.obj)
 .text.sys_clock_driver_init
                0x00000000000031e0       0x90 zephyr/drivers/timer/libdrivers__timer.a(nrf_rtc_timer.c.obj)
 .text.rtc_nrf_isr
                0x0000000000003270       0xd4 zephyr/drivers/timer/libdrivers__timer.a(nrf_rtc_timer.c.obj)
                0x0000000000003270                rtc_nrf_isr
 .text.sys_clock_set_timeout
                0x0000000000003344       0x5c zephyr/drivers/timer/libdrivers__timer.a(nrf_rtc_timer.c.obj)
                0x0000000000003344                sys_clock_set_timeout
 .text.sys_clock_elapsed
                0x00000000000033a0       0x14 zephyr/drivers/timer/libdrivers__timer.a(nrf_rtc_timer.c.obj)
                0x00000000000033a0                sys_clock_elapsed
 .text.nrf52_errata_16
                0x00000000000033b4       0x28 modules/hal_nordic/nrfx/libmodules__hal_nordic__nrfx.a(system_nrf52.c.obj)
 .text.nvmc_wait
                0x00000000000033dc       0x10 modules/hal_nordic/nrfx/libmodules__hal_nordic__nrfx.a(system_nrf52.c.obj)
                0x00000000000033dc                nvmc_wait
 .text.SystemInit
                0x00000000000033ec      0x278 modules/hal_nordic/nrfx/libmodules__hal_nordic__nrfx.a(system_nrf52.c.obj)
                0x00000000000033ec                SystemInit
 .text.nrfx_flag32_alloc
                0x0000000000003664       0x48 modules/hal_nordic/nrfx/libmodules__hal_nordic__nrfx.a(nrfx_flag32_allocator.c.obj)
                0x0000000000003664                nrfx_flag32_alloc
 .text.nrfx_flag32_free
                0x00000000000036ac       0x40 modules/hal_nordic/nrfx/libmodules__hal_nordic__nrfx.a(nrfx_flag32_allocator.c.obj)
                0x00000000000036ac                nrfx_flag32_free
 .text.nrfx_gppi_channels_enable
                0x00000000000036ec        0xc modules/hal_nordic/nrfx/libmodules__hal_nordic__nrfx.a(nrfx_gppi_ppi.c.obj)
                0x00000000000036ec                nrfx_gppi_channels_enable
 .text.clock_stop
                0x00000000000036f8       0xc4 modules/hal_nordic/nrfx/libmodules__hal_nordic__nrfx.a(nrfx_clock.c.obj)
 .text.nrfx_clock_init
                0x00000000000037bc       0x20 modules/hal_nordic/nrfx/libmodules__hal_nordic__nrfx.a(nrfx_clock.c.obj)
                0x00000000000037bc                nrfx_clock_init
 .text.nrfx_clock_enable
                0x00000000000037dc       0x24 modules/hal_nordic/nrfx/libmodules__hal_nordic__nrfx.a(nrfx_clock.c.obj)
                0x00000000000037dc                nrfx_clock_enable
 .text.nrfx_clock_start
                0x0000000000003800       0xec modules/hal_nordic/nrfx/libmodules__hal_nordic__nrfx.a(nrfx_clock.c.obj)
                0x0000000000003800                nrfx_clock_start
 .text.nrfx_power_clock_irq_handler
                0x00000000000038ec       0x68 modules/hal_nordic/nrfx/libmodules__hal_nordic__nrfx.a(nrfx_clock.c.obj)
                0x00000000000038ec                nrfx_power_clock_irq_handler
 .text.call_handler.constprop.0
                0x0000000000003954       0x3c modules/hal_nordic/nrfx/libmodules__hal_nordic__nrfx.a(nrfx_gpiote.c.obj)
 .text.release_handler.isra.0
                0x0000000000003990       0x54 modules/hal_nordic/nrfx/libmodules__hal_nordic__nrfx.a(nrfx_gpiote.c.obj)
 .text.__nrfy_internal_gpiote_events_process.constprop.0
                0x00000000000039e4       0x5c modules/hal_nordic/nrfx/libmodules__hal_nordic__nrfx.a(nrfx_gpiote.c.obj)
 .text.pin_trigger_disable
                0x0000000000003a40       0x40 modules/hal_nordic/nrfx/libmodules__hal_nordic__nrfx.a(nrfx_gpiote.c.obj)
 .text.pin_uninit
                0x0000000000003a80       0x74 modules/hal_nordic/nrfx/libmodules__hal_nordic__nrfx.a(nrfx_gpiote.c.obj)
 .text.nrfx_gpiote_input_configure
                0x0000000000003af4      0x160 modules/hal_nordic/nrfx/libmodules__hal_nordic__nrfx.a(nrfx_gpiote.c.obj)
                0x0000000000003af4                nrfx_gpiote_input_configure
 .text.nrfx_gpiote_output_configure
                0x0000000000003c54       0xec modules/hal_nordic/nrfx/libmodules__hal_nordic__nrfx.a(nrfx_gpiote.c.obj)
                0x0000000000003c54                nrfx_gpiote_output_configure
 .text.nrfx_gpiote_global_callback_set
                0x0000000000003d40        0xc modules/hal_nordic/nrfx/libmodules__hal_nordic__nrfx.a(nrfx_gpiote.c.obj)
                0x0000000000003d40                nrfx_gpiote_global_callback_set
 .text.nrfx_gpiote_channel_get
                0x0000000000003d4c       0x24 modules/hal_nordic/nrfx/libmodules__hal_nordic__nrfx.a(nrfx_gpiote.c.obj)
                0x0000000000003d4c                nrfx_gpiote_channel_get
 .text.nrfx_gpiote_init
                0x0000000000003d70       0x68 modules/hal_nordic/nrfx/libmodules__hal_nordic__nrfx.a(nrfx_gpiote.c.obj)
                0x0000000000003d70                nrfx_gpiote_init
 .text.nrfx_gpiote_init_check
                0x0000000000003dd8       0x14 modules/hal_nordic/nrfx/libmodules__hal_nordic__nrfx.a(nrfx_gpiote.c.obj)
                0x0000000000003dd8                nrfx_gpiote_init_check
 .text.nrfx_gpiote_channel_free
                0x0000000000003dec        0xc modules/hal_nordic/nrfx/libmodules__hal_nordic__nrfx.a(nrfx_gpiote.c.obj)
                0x0000000000003dec                nrfx_gpiote_channel_free
 .text.nrfx_gpiote_channel_alloc
                0x0000000000003df8        0xc modules/hal_nordic/nrfx/libmodules__hal_nordic__nrfx.a(nrfx_gpiote.c.obj)
                0x0000000000003df8                nrfx_gpiote_channel_alloc
 .text.nrfx_gpiote_trigger_enable
                0x0000000000003e04       0x94 modules/hal_nordic/nrfx/libmodules__hal_nordic__nrfx.a(nrfx_gpiote.c.obj)
                0x0000000000003e04                nrfx_gpiote_trigger_enable
 .text.nrfx_gpiote_0_irq_handler
                0x0000000000003e98      0x160 modules/hal_nordic/nrfx/libmodules__hal_nordic__nrfx.a(nrfx_gpiote.c.obj)
                0x0000000000003e98                nrfx_gpiote_0_irq_handler
 .text.nrfx_ppi_channel_alloc
                0x0000000000003ff8        0xc modules/hal_nordic/nrfx/libmodules__hal_nordic__nrfx.a(nrfx_ppi.c.obj)
                0x0000000000003ff8                nrfx_ppi_channel_alloc
 .text._DoInit  0x0000000000004004       0x60 modules/segger/libmodules__segger.a(SEGGER_RTT.c.obj)
 .text.SEGGER_RTT_WriteSkipNoLock
                0x0000000000004064       0x88 modules/segger/libmodules__segger.a(SEGGER_RTT.c.obj)
                0x0000000000004064                SEGGER_RTT_WriteSkipNoLock
 .text.SEGGER_RTT_HasDataUp
                0x00000000000040ec       0x14 modules/segger/libmodules__segger.a(SEGGER_RTT.c.obj)
                0x00000000000040ec                SEGGER_RTT_HasDataUp
 .text.zephyr_rtt_mutex_lock
                0x0000000000004100       0x14 modules/segger/libmodules__segger.a(SEGGER_RTT_zephyr.c.obj)
                0x0000000000004100                zephyr_rtt_mutex_lock
 .text.zephyr_rtt_mutex_unlock
                0x0000000000004114        0xc modules/segger/libmodules__segger.a(SEGGER_RTT_zephyr.c.obj)
                0x0000000000004114                zephyr_rtt_mutex_unlock
 .text.k_sys_fatal_error_handler
                0x0000000000004120       0x20 zephyr/kernel/libkernel.a(fatal.c.obj)
                0x0000000000004120                k_sys_fatal_error_handler
 .text.z_fatal_error
                0x0000000000004140       0xe8 zephyr/kernel/libkernel.a(fatal.c.obj)
                0x0000000000004140                z_fatal_error
 .text.z_sys_init_run_level
                0x0000000000004228       0x2c zephyr/kernel/libkernel.a(init.c.obj)
 .text.bg_thread_main
                0x0000000000004254       0xc4 zephyr/kernel/libkernel.a(init.c.obj)
 .text.z_bss_zero
                0x0000000000004318       0x18 zephyr/kernel/libkernel.a(init.c.obj)
                0x0000000000004318                z_bss_zero
 .text.z_init_cpu
                0x0000000000004330       0x70 zephyr/kernel/libkernel.a(init.c.obj)
                0x0000000000004330                z_init_cpu
 .text.z_cstart
                0x00000000000043a0       0xe0 zephyr/kernel/libkernel.a(init.c.obj)
                0x00000000000043a0                z_cstart
 .text.z_impl_k_mutex_lock
                0x0000000000004480       0xf0 zephyr/kernel/libkernel.a(mutex.c.obj)
                0x0000000000004480                z_impl_k_mutex_lock
 .text.z_impl_k_mutex_unlock
                0x0000000000004570       0x78 zephyr/kernel/libkernel.a(mutex.c.obj)
                0x0000000000004570                z_impl_k_mutex_unlock
 .text.z_impl_k_sem_give
                0x00000000000045e8       0x48 zephyr/kernel/libkernel.a(sem.c.obj)
                0x00000000000045e8                z_impl_k_sem_give
 .text.z_impl_k_sem_take
                0x0000000000004630       0x4c zephyr/kernel/libkernel.a(sem.c.obj)
                0x0000000000004630                z_impl_k_sem_take
 .text.z_setup_new_thread
                0x000000000000467c       0x98 zephyr/kernel/libkernel.a(thread.c.obj)
                0x000000000000467c                z_setup_new_thread
 .text.z_impl_k_thread_create
                0x0000000000004714       0x58 zephyr/kernel/libkernel.a(thread.c.obj)
                0x0000000000004714                z_impl_k_thread_create
 .text.update_cache
                0x000000000000476c       0x3c zephyr/kernel/libkernel.a(sched.c.obj)
 .text.unready_thread
                0x00000000000047a8       0x30 zephyr/kernel/libkernel.a(sched.c.obj)
 .text.ready_thread
                0x00000000000047d8       0x68 zephyr/kernel/libkernel.a(sched.c.obj)
 .text.z_thread_halt
                0x0000000000004840       0xdc zephyr/kernel/libkernel.a(sched.c.obj)
 .text.move_thread_to_end_of_prio_q
                0x000000000000491c       0x74 zephyr/kernel/libkernel.a(sched.c.obj)
                0x000000000000491c                move_thread_to_end_of_prio_q
 .text.z_pend_curr
                0x0000000000004990       0x58 zephyr/kernel/libkernel.a(sched.c.obj)
                0x0000000000004990                z_pend_curr
 .text.z_thread_prio_set
                0x00000000000049e8       0x88 zephyr/kernel/libkernel.a(sched.c.obj)
                0x00000000000049e8                z_thread_prio_set
 .text.z_reschedule
                0x0000000000004a70       0x24 zephyr/kernel/libkernel.a(sched.c.obj)
                0x0000000000004a70                z_reschedule
 .text.z_sched_start
                0x0000000000004a94       0x3c zephyr/kernel/libkernel.a(sched.c.obj)
                0x0000000000004a94                z_sched_start
 .text.z_reschedule_irqlock
                0x0000000000004ad0       0x28 zephyr/kernel/libkernel.a(sched.c.obj)
                0x0000000000004ad0                z_reschedule_irqlock
 .text.k_sched_lock
                0x0000000000004af8       0x28 zephyr/kernel/libkernel.a(sched.c.obj)
                0x0000000000004af8                k_sched_lock
 .text.k_sched_unlock
                0x0000000000004b20       0x40 zephyr/kernel/libkernel.a(sched.c.obj)
                0x0000000000004b20                k_sched_unlock
 .text.z_sched_init
                0x0000000000004b60       0x10 zephyr/kernel/libkernel.a(sched.c.obj)
                0x0000000000004b60                z_sched_init
 .text.z_impl_k_yield
                0x0000000000004b70       0x7c zephyr/kernel/libkernel.a(sched.c.obj)
                0x0000000000004b70                z_impl_k_yield
 .text.z_tick_sleep
                0x0000000000004bec       0x88 zephyr/kernel/libkernel.a(sched.c.obj)
 .text.z_impl_k_sleep
                0x0000000000004c74       0x3c zephyr/kernel/libkernel.a(sched.c.obj)
                0x0000000000004c74                z_impl_k_sleep
 .text.z_impl_k_sched_current_thread_query
                0x0000000000004cb0        0xc zephyr/kernel/libkernel.a(sched.c.obj)
                0x0000000000004cb0                z_impl_k_sched_current_thread_query
 .text.slice_timeout
                0x0000000000004cbc       0x20 zephyr/kernel/libkernel.a(timeslicing.c.obj)
 .text.thread_is_sliceable
                0x0000000000004cdc       0x3c zephyr/kernel/libkernel.a(timeslicing.c.obj)
                0x0000000000004cdc                thread_is_sliceable
 .text.z_reset_time_slice
                0x0000000000004d18       0x50 zephyr/kernel/libkernel.a(timeslicing.c.obj)
                0x0000000000004d18                z_reset_time_slice
 .text.z_time_slice
                0x0000000000004d68       0x60 zephyr/kernel/libkernel.a(timeslicing.c.obj)
                0x0000000000004d68                z_time_slice
 .text.z_data_copy
                0x0000000000004dc8       0x34 zephyr/kernel/libkernel.a(xip.c.obj)
                0x0000000000004dc8                z_data_copy
 .text.elapsed  0x0000000000004dfc       0x14 zephyr/kernel/libkernel.a(timeout.c.obj)
 .text.remove_timeout
                0x0000000000004e10       0x38 zephyr/kernel/libkernel.a(timeout.c.obj)
 .text.next_timeout
                0x0000000000004e48       0x40 zephyr/kernel/libkernel.a(timeout.c.obj)
 .text.z_add_timeout
                0x0000000000004e88       0xf4 zephyr/kernel/libkernel.a(timeout.c.obj)
                0x0000000000004e88                z_add_timeout
 .text.sys_clock_announce
                0x0000000000004f7c       0xd0 zephyr/kernel/libkernel.a(timeout.c.obj)
                0x0000000000004f7c                sys_clock_announce
 .text.sys_clock_tick_get
                0x000000000000504c       0x30 zephyr/kernel/libkernel.a(timeout.c.obj)
                0x000000000000504c                sys_clock_tick_get
 .text.z_timer_expiration_handler
                0x000000000000507c       0xe0 zephyr/kernel/libkernel.a(timer.c.obj)
                0x000000000000507c                z_timer_expiration_handler
 .text.z_impl_k_timer_start
                0x000000000000515c       0x74 zephyr/kernel/libkernel.a(timer.c.obj)
                0x000000000000515c                z_impl_k_timer_start
 .text.boot_banner
                0x00000000000051d0        0xc zephyr/kernel/libkernel.a(banner.c.obj)
                0x00000000000051d0                boot_banner
 .text.printf   0x00000000000051dc       0x24 /home/jerdan/zephyr-sdk-0.16.3/arm-zephyr-eabi/bin/../lib/gcc/../../picolibc/arm-zephyr-eabi/lib/thumb/v7e-m/nofp/libc.a(libc_tinystdio_printf.c.o)
                0x00000000000051dc                printf
 .text.snprintf
                0x0000000000005200       0x58 /home/jerdan/zephyr-sdk-0.16.3/arm-zephyr-eabi/bin/../lib/gcc/../../picolibc/arm-zephyr-eabi/lib/thumb/v7e-m/nofp/libc.a(libc_tinystdio_snprintf.c.o)
                0x0000000000005200                snprintf
 .text.skip_to_arg
                0x0000000000005258      0x138 /home/jerdan/zephyr-sdk-0.16.3/arm-zephyr-eabi/bin/../lib/gcc/../../picolibc/arm-zephyr-eabi/lib/thumb/v7e-m/nofp/libc.a(libc_tinystdio_vfprintf.c.o)
 .text.vfprintf
                0x0000000000005390      0xbac /home/jerdan/zephyr-sdk-0.16.3/arm-zephyr-eabi/bin/../lib/gcc/../../picolibc/arm-zephyr-eabi/lib/thumb/v7e-m/nofp/libc.a(libc_tinystdio_vfprintf.c.o)
                0x0000000000005390                __d_vfprintf
                0x0000000000005390                vfprintf
 .text.div10    0x0000000000005f3c       0x28 /home/jerdan/zephyr-sdk-0.16.3/arm-zephyr-eabi/bin/../lib/gcc/../../picolibc/arm-zephyr-eabi/lib/thumb/v7e-m/nofp/libc.a(libc_tinystdio_dtoa_ryu.c.o)
 .text.__dtoa_engine
                0x0000000000005f64      0x4a4 /home/jerdan/zephyr-sdk-0.16.3/arm-zephyr-eabi/bin/../lib/gcc/../../picolibc/arm-zephyr-eabi/lib/thumb/v7e-m/nofp/libc.a(libc_tinystdio_dtoa_ryu.c.o)
                0x0000000000005f64                __dtoa_engine
 .text.__pow5Factor
                0x0000000000006408       0x30 /home/jerdan/zephyr-sdk-0.16.3/arm-zephyr-eabi/bin/../lib/gcc/../../picolibc/arm-zephyr-eabi/lib/thumb/v7e-m/nofp/libc.a(libc_tinystdio_ryu_table.c.o)
                0x0000000000006408                __pow5Factor
 .text.__double_computePow5
                0x0000000000006438       0xe8 /home/jerdan/zephyr-sdk-0.16.3/arm-zephyr-eabi/bin/../lib/gcc/../../picolibc/arm-zephyr-eabi/lib/thumb/v7e-m/nofp/libc.a(libc_tinystdio_ryu_table.c.o)
                0x0000000000006438                __double_computePow5
 .text.__double_computeInvPow5
                0x0000000000006520       0xf8 /home/jerdan/zephyr-sdk-0.16.3/arm-zephyr-eabi/bin/../lib/gcc/../../picolibc/arm-zephyr-eabi/lib/thumb/v7e-m/nofp/libc.a(libc_tinystdio_ryu_table.c.o)
                0x0000000000006520                __double_computeInvPow5
 .text.__log10Pow2
                0x0000000000006618        0xc /home/jerdan/zephyr-sdk-0.16.3/arm-zephyr-eabi/bin/../lib/gcc/../../picolibc/arm-zephyr-eabi/lib/thumb/v7e-m/nofp/libc.a(libc_tinystdio_ryu_log10.c.o)
                0x0000000000006618                __log10Pow2
 .text.__log10Pow5
                0x0000000000006624        0xc /home/jerdan/zephyr-sdk-0.16.3/arm-zephyr-eabi/bin/../lib/gcc/../../picolibc/arm-zephyr-eabi/lib/thumb/v7e-m/nofp/libc.a(libc_tinystdio_ryu_log10.c.o)
                0x0000000000006624                __log10Pow5
 .text.__pow5bits
                0x0000000000006630       0x10 /home/jerdan/zephyr-sdk-0.16.3/arm-zephyr-eabi/bin/../lib/gcc/../../picolibc/arm-zephyr-eabi/lib/thumb/v7e-m/nofp/libc.a(libc_tinystdio_ryu_pow5bits.c.o)
                0x0000000000006630                __pow5bits
 .text._OffsetAbsSyms
                0x0000000000006640        0x2 zephyr/CMakeFiles/offsets.dir/./arch/arm/core/offsets/offsets.c.obj
                0x0000000000006640                _OffsetAbsSyms
 .text.chunk_size
                0x0000000000006642        0xa zephyr/libzephyr.a(heap.c.obj)
 .text.free_list_add
                0x000000000000664c       0x4e zephyr/libzephyr.a(heap.c.obj)
 .text.sys_heap_init
                0x000000000000669a       0x7a zephyr/libzephyr.a(heap.c.obj)
                0x000000000000669a                sys_heap_init
 .text.cbpprintf_external
                0x0000000000006714       0x62 zephyr/libzephyr.a(cbprintf_packaged.c.obj)
                0x0000000000006714                cbpprintf_external
 .text.is_ptr   0x0000000000006776       0x4a zephyr/libzephyr.a(cbprintf_packaged.c.obj)
                0x0000000000006776                is_ptr
 .text.arch_printk_char_out
                0x00000000000067c0        0x4 zephyr/libzephyr.a(printk.c.obj)
                0x00000000000067c0                arch_printk_char_out
 .text.printk   0x00000000000067c4       0x1a zephyr/libzephyr.a(printk.c.obj)
                0x00000000000067c4                printk
 .text.free_space
                0x00000000000067de       0x26 zephyr/libzephyr.a(mpsc_pbuf.c.obj)
 .text.get_usage
                0x0000000000006804       0x22 zephyr/libzephyr.a(mpsc_pbuf.c.obj)
 .text.idx_inc  0x0000000000006826       0x1c zephyr/libzephyr.a(mpsc_pbuf.c.obj)
 .text.rd_idx_inc
                0x0000000000006842       0x18 zephyr/libzephyr.a(mpsc_pbuf.c.obj)
 .text.add_skip_item
                0x000000000000685a       0x3a zephyr/libzephyr.a(mpsc_pbuf.c.obj)
 .text.drop_item_locked
                0x0000000000006894       0xee zephyr/libzephyr.a(mpsc_pbuf.c.obj)
 .text.post_drop_action
                0x0000000000006982       0x36 zephyr/libzephyr.a(mpsc_pbuf.c.obj)
 .text.max_utilization_update
                0x00000000000069b8       0x1a zephyr/libzephyr.a(mpsc_pbuf.c.obj)
 .text.mpsc_pbuf_init
                0x00000000000069d2       0x42 zephyr/libzephyr.a(mpsc_pbuf.c.obj)
                0x00000000000069d2                mpsc_pbuf_init
 .text.mpsc_pbuf_alloc
                0x0000000000006a14       0xf8 zephyr/libzephyr.a(mpsc_pbuf.c.obj)
                0x0000000000006a14                mpsc_pbuf_alloc
 .text.mpsc_pbuf_commit
                0x0000000000006b0c       0x3e zephyr/libzephyr.a(mpsc_pbuf.c.obj)
                0x0000000000006b0c                mpsc_pbuf_commit
 .text.mpsc_pbuf_claim
                0x0000000000006b4a       0xa8 zephyr/libzephyr.a(mpsc_pbuf.c.obj)
                0x0000000000006b4a                mpsc_pbuf_claim
 .text.mpsc_pbuf_free
                0x0000000000006bf2       0x76 zephyr/libzephyr.a(mpsc_pbuf.c.obj)
                0x0000000000006bf2                mpsc_pbuf_free
 .text.mpsc_pbuf_is_pending
                0x0000000000006c68       0x1a zephyr/libzephyr.a(mpsc_pbuf.c.obj)
                0x0000000000006c68                mpsc_pbuf_is_pending
 .text.process_recheck
                0x0000000000006c82       0x38 zephyr/libzephyr.a(onoff.c.obj)
 .text.validate_args
                0x0000000000006cba       0x20 zephyr/libzephyr.a(onoff.c.obj)
 .text.notify_one
                0x0000000000006cda       0x2c zephyr/libzephyr.a(onoff.c.obj)
 .text.transition_complete
                0x0000000000006d06       0x1a zephyr/libzephyr.a(onoff.c.obj)
 .text.onoff_manager_init
                0x0000000000006d20       0x26 zephyr/libzephyr.a(onoff.c.obj)
                0x0000000000006d20                onoff_manager_init
 .text.onoff_request
                0x0000000000006d46       0xae zephyr/libzephyr.a(onoff.c.obj)
                0x0000000000006d46                onoff_request
 .text.sys_notify_validate
                0x0000000000006df4       0x22 zephyr/libzephyr.a(notify.c.obj)
                0x0000000000006df4                sys_notify_validate
 .text.sys_notify_finalize
                0x0000000000006e16       0x1a zephyr/libzephyr.a(notify.c.obj)
                0x0000000000006e16                sys_notify_finalize
 .text._ConfigAbsSyms
                0x0000000000006e30        0x2 zephyr/libzephyr.a(configs.c.obj)
                0x0000000000006e30                _ConfigAbsSyms
 .text.log_msg_generic_get_wlen
                0x0000000000006e32       0x20 zephyr/libzephyr.a(log_core.c.obj)
 .text.dummy_timestamp
                0x0000000000006e52        0x4 zephyr/libzephyr.a(log_core.c.obj)
 .text.default_get_timestamp
                0x0000000000006e56        0x4 zephyr/libzephyr.a(log_core.c.obj)
 .text.atomic_inc
                0x0000000000006e5a       0x1a zephyr/libzephyr.a(log_core.c.obj)
 .text.z_log_vprintk
                0x0000000000006e74       0x1c zephyr/libzephyr.a(log_core.c.obj)
                0x0000000000006e74                z_log_vprintk
 .text.z_log_notify_drop
                0x0000000000006e90        0x6 zephyr/libzephyr.a(log_core.c.obj)
 .text.z_log_get_tag
                0x0000000000006e96        0x4 zephyr/libzephyr.a(log_core.c.obj)
                0x0000000000006e96                z_log_get_tag
 .text.z_cbprintf_cpy
                0x0000000000006e9a       0x2c zephyr/libzephyr.a(log_msg.c.obj)
 .text.z_log_msg_finalize
                0x0000000000006ec6       0x32 zephyr/libzephyr.a(log_msg.c.obj)
                0x0000000000006ec6                z_log_msg_finalize
 .text.z_log_msg_simple_create
                0x0000000000006ef8       0x6e zephyr/libzephyr.a(log_msg.c.obj)
 .text.z_impl_z_log_msg_simple_create_0
                0x0000000000006f66       0x12 zephyr/libzephyr.a(log_msg.c.obj)
                0x0000000000006f66                z_impl_z_log_msg_simple_create_0
 .text.z_impl_z_log_msg_simple_create_1
                0x0000000000006f78       0x14 zephyr/libzephyr.a(log_msg.c.obj)
                0x0000000000006f78                z_impl_z_log_msg_simple_create_1
 .text.buffer_write
                0x0000000000006f8c       0x1c zephyr/libzephyr.a(log_output.c.obj)
 .text.log_output_flush
                0x0000000000006fa8       0x1a zephyr/libzephyr.a(log_output.c.obj)
                0x0000000000006fa8                log_output_flush
 .text.out_func
                0x0000000000006fc2       0x36 zephyr/libzephyr.a(log_output.c.obj)
 .text.cr_out_func
                0x0000000000006ff8       0x1c zephyr/libzephyr.a(log_output.c.obj)
 .text.log_output_msg_process
                0x0000000000007014       0x6a zephyr/libzephyr.a(log_output.c.obj)
                0x0000000000007014                log_output_msg_process
 .text.format_set
                0x000000000000707e        0xc zephyr/libzephyr.a(log_backend_uart.c.obj)
 .text.log_backend_uart_init
                0x000000000000708a        0xc zephyr/libzephyr.a(log_backend_uart.c.obj)
 .text.panic    0x0000000000007096       0x10 zephyr/libzephyr.a(log_backend_uart.c.obj)
 .text.dropped  0x00000000000070a6        0xa zephyr/libzephyr.a(log_backend_uart.c.obj)
 .text.process  0x00000000000070b0       0x1e zephyr/libzephyr.a(log_backend_uart.c.obj)
 .text.z_do_kernel_oops
                0x00000000000070ce        0x8 zephyr/arch/arch/arm/core/libarch__arm__core.a(fatal.c.obj)
                0x00000000000070ce                z_do_kernel_oops
 .text.z_arm_nmi
                0x00000000000070d6        0xe zephyr/arch/arch/arm/core/libarch__arm__core.a(nmi.c.obj)
                0x00000000000070d6                z_arm_nmi
 .text.z_log_msg_simple_create_0.constprop.0
                0x00000000000070e4        0x8 zephyr/arch/arch/arm/core/cortex_m/libarch__arm__core__cortex_m.a(fault.c.obj)
 .text.z_irq_spurious
                0x00000000000070ec        0x8 zephyr/arch/arch/arm/core/cortex_m/libarch__arm__core__cortex_m.a(irq_manage.c.obj)
                0x00000000000070ec                z_irq_spurious
 .text.arch_irq_unlock_outlined
                0x00000000000070f4        0xe zephyr/arch/arch/arm/core/cortex_m/libarch__arm__core__cortex_m.a(thread.c.obj)
                0x00000000000070f4                arch_irq_unlock_outlined
 .text.arch_cpu_idle
                0x0000000000007102       0x1a zephyr/arch/arch/arm/core/cortex_m/libarch__arm__core__cortex_m.a(cpu_idle.c.obj)
                0x0000000000007102                arch_cpu_idle
 .text.arch_cpu_atomic_idle
                0x000000000000711c       0x1e zephyr/arch/arch/arm/core/cortex_m/libarch__arm__core__cortex_m.a(cpu_idle.c.obj)
                0x000000000000711c                arch_cpu_atomic_idle
 .text.size_to_mpu_rasr_size
                0x000000000000713a       0x20 zephyr/arch/arch/arm/core/mpu/libarch__arm__core__mpu.a(arm_mpu.c.obj)
 .text.cbputc   0x000000000000715a        0xc zephyr/lib/libc/picolibc/liblib__libc__picolibc.a(libc-hooks.c.obj)
 .text.picolibc_put
                0x0000000000007166        0xa zephyr/lib/libc/picolibc/liblib__libc__picolibc.a(libc-hooks.c.obj)
 .text.get_status
                0x0000000000007170       0x12 zephyr/drivers/clock_control/libdrivers__clock_control.a(clock_control_nrf.c.obj)
 .text.stop     0x0000000000007182       0x50 zephyr/drivers/clock_control/libdrivers__clock_control.a(clock_control_nrf.c.obj)
 .text.api_stop
                0x00000000000071d2        0x6 zephyr/drivers/clock_control/libdrivers__clock_control.a(clock_control_nrf.c.obj)
 .text.async_start
                0x00000000000071d8       0x5a zephyr/drivers/clock_control/libdrivers__clock_control.a(clock_control_nrf.c.obj)
 .text.api_start
                0x0000000000007232        0xe zephyr/drivers/clock_control/libdrivers__clock_control.a(clock_control_nrf.c.obj)
 .text.onoff_started_callback
                0x0000000000007240       0x12 zephyr/drivers/clock_control/libdrivers__clock_control.a(clock_control_nrf.c.obj)
 .text.lfclk_stop
                0x0000000000007252        0x6 zephyr/drivers/clock_control/libdrivers__clock_control.a(clock_control_nrf.c.obj)
 .text.blocking_start_callback
                0x0000000000007258        0x6 zephyr/drivers/clock_control/libdrivers__clock_control.a(clock_control_nrf.c.obj)
 .text.gpio_nrfx_port_get_raw
                0x000000000000725e        0xe zephyr/drivers/gpio/libdrivers__gpio.a(gpio_nrfx.c.obj)
 .text.gpio_nrfx_port_set_masked_raw
                0x000000000000726c       0x18 zephyr/drivers/gpio/libdrivers__gpio.a(gpio_nrfx.c.obj)
 .text.gpio_nrfx_port_set_bits_raw
                0x0000000000007284        0xc zephyr/drivers/gpio/libdrivers__gpio.a(gpio_nrfx.c.obj)
 .text.gpio_nrfx_port_clear_bits_raw
                0x0000000000007290        0xc zephyr/drivers/gpio/libdrivers__gpio.a(gpio_nrfx.c.obj)
 .text.gpio_nrfx_port_toggle_bits
                0x000000000000729c       0x1a zephyr/drivers/gpio/libdrivers__gpio.a(gpio_nrfx.c.obj)
 .text.gpio_nrfx_manage_callback
                0x00000000000072b6       0x52 zephyr/drivers/gpio/libdrivers__gpio.a(gpio_nrfx.c.obj)
 .text.pinctrl_lookup_state
                0x0000000000007308       0x26 zephyr/drivers/pinctrl/libdrivers__pinctrl.a(common.c.obj)
                0x0000000000007308                pinctrl_lookup_state
 .text.uarte_nrfx_err_check
                0x000000000000732e        0xe zephyr/drivers/serial/libdrivers__serial.a(uart_nrfx_uarte.c.obj)
 .text.uarte_nrfx_poll_in
                0x000000000000733c       0x28 zephyr/drivers/serial/libdrivers__serial.a(uart_nrfx_uarte.c.obj)
 .text.is_tx_ready.isra.0
                0x0000000000007364       0x20 zephyr/drivers/serial/libdrivers__serial.a(uart_nrfx_uarte.c.obj)
 .text.uarte_nrfx_isr_int
                0x0000000000007384       0x6e zephyr/drivers/serial/libdrivers__serial.a(uart_nrfx_uarte.c.obj)
 .text.event_clear
                0x00000000000073f2       0x18 zephyr/drivers/timer/libdrivers__timer.a(nrf_rtc_timer.c.obj)
 .text.sys_clock_cycle_get_32
                0x000000000000740a        0x8 zephyr/drivers/timer/libdrivers__timer.a(nrf_rtc_timer.c.obj)
                0x000000000000740a                sys_clock_cycle_get_32
 .text.nrf52_errata_12
                0x0000000000007412       0x1c modules/hal_nordic/nrfx/libmodules__hal_nordic__nrfx.a(system_nrf52.c.obj)
 .text.nrfx_isr
                0x000000000000742e        0x2 modules/hal_nordic/nrfx/libmodules__hal_nordic__nrfx.a(nrfx_glue.c.obj)
                0x000000000000742e                nrfx_isr
 .text.nrfx_busy_wait
                0x0000000000007430        0x4 modules/hal_nordic/nrfx/libmodules__hal_nordic__nrfx.a(nrfx_glue.c.obj)
                0x0000000000007430                nrfx_busy_wait
 .text.nrfx_gppi_channel_endpoints_setup
                0x0000000000007434       0x14 modules/hal_nordic/nrfx/libmodules__hal_nordic__nrfx.a(nrfx_gppi_ppi.c.obj)
                0x0000000000007434                nrfx_gppi_channel_endpoints_setup
 .text.nrfx_clock_stop
                0x0000000000007448        0x4 modules/hal_nordic/nrfx/libmodules__hal_nordic__nrfx.a(nrfx_clock.c.obj)
                0x0000000000007448                nrfx_clock_stop
 .text.nrf_gpio_pin_port_decode
                0x000000000000744c       0x14 modules/hal_nordic/nrfx/libmodules__hal_nordic__nrfx.a(nrfx_gpiote.c.obj)
 .text.nrf_gpio_reconfigure
                0x0000000000007460       0x92 modules/hal_nordic/nrfx/libmodules__hal_nordic__nrfx.a(nrfx_gpiote.c.obj)
 .text.nrf_gpio_cfg_sense_set
                0x00000000000074f2       0x1e modules/hal_nordic/nrfx/libmodules__hal_nordic__nrfx.a(nrfx_gpiote.c.obj)
 .text.latch_pending_read_and_check
                0x0000000000007510       0x1c modules/hal_nordic/nrfx/libmodules__hal_nordic__nrfx.a(nrfx_gpiote.c.obj)
 .text.nrfx_gpiote_pin_uninit
                0x000000000000752c        0x4 modules/hal_nordic/nrfx/libmodules__hal_nordic__nrfx.a(nrfx_gpiote.c.obj)
                0x000000000000752c                nrfx_gpiote_pin_uninit
 .text.nrfx_gpiote_trigger_disable
                0x0000000000007530        0x4 modules/hal_nordic/nrfx/libmodules__hal_nordic__nrfx.a(nrfx_gpiote.c.obj)
                0x0000000000007530                nrfx_gpiote_trigger_disable
 .text.SEGGER_RTT_Init
                0x0000000000007534        0x4 modules/segger/libmodules__segger.a(SEGGER_RTT.c.obj)
                0x0000000000007534                SEGGER_RTT_Init
 .text.rtt_init
                0x0000000000007538        0xa modules/segger/libmodules__segger.a(SEGGER_RTT_zephyr.c.obj)
 .text.z_impl_k_busy_wait
                0x0000000000007542        0x8 zephyr/kernel/libkernel.a(busy_wait.c.obj)
                0x0000000000007542                z_impl_k_busy_wait
 .text.z_device_state_init
                0x000000000000754a        0x2 zephyr/kernel/libkernel.a(device.c.obj)
                0x000000000000754a                z_device_state_init
 .text.z_impl_device_is_ready
                0x000000000000754c       0x16 zephyr/kernel/libkernel.a(device.c.obj)
                0x000000000000754c                z_impl_device_is_ready
 .text.arch_system_halt
                0x0000000000007562       0x10 zephyr/kernel/libkernel.a(fatal.c.obj)
                0x0000000000007562                arch_system_halt
 .text.do_device_init
                0x0000000000007572       0x30 zephyr/kernel/libkernel.a(init.c.obj)
 .text.z_early_memset
                0x00000000000075a2        0x4 zephyr/kernel/libkernel.a(init.c.obj)
                0x00000000000075a2                z_early_memset
 .text.z_early_memcpy
                0x00000000000075a6        0x4 zephyr/kernel/libkernel.a(init.c.obj)
                0x00000000000075a6                z_early_memcpy
 .text.z_init_static
                0x00000000000075aa        0x2 zephyr/kernel/libkernel.a(init_static.c.obj)
                0x00000000000075aa                z_init_static
 .text.idle     0x00000000000075ac       0x16 zephyr/kernel/libkernel.a(idle.c.obj)
                0x00000000000075ac                idle
 .text.adjust_owner_prio.isra.0
                0x00000000000075c2       0x10 zephyr/kernel/libkernel.a(mutex.c.obj)
 .text.z_impl_k_sem_init
                0x00000000000075d2       0x18 zephyr/kernel/libkernel.a(sem.c.obj)
                0x00000000000075d2                z_impl_k_sem_init
 .text.k_is_in_isr
                0x00000000000075ea        0xc zephyr/kernel/libkernel.a(thread.c.obj)
                0x00000000000075ea                k_is_in_isr
 .text.z_impl_k_thread_name_set
                0x00000000000075f6        0x6 zephyr/kernel/libkernel.a(thread.c.obj)
                0x00000000000075f6                z_impl_k_thread_name_set
 .text.k_thread_name_get
                0x00000000000075fc        0x4 zephyr/kernel/libkernel.a(thread.c.obj)
                0x00000000000075fc                k_thread_name_get
 .text.z_impl_k_thread_start
                0x0000000000007600        0x4 zephyr/kernel/libkernel.a(thread.c.obj)
                0x0000000000007600                z_impl_k_thread_start
 .text.sys_dlist_remove
                0x0000000000007604       0x10 zephyr/kernel/libkernel.a(sched.c.obj)
 .text.unpend_thread_no_timeout
                0x0000000000007614       0x14 zephyr/kernel/libkernel.a(sched.c.obj)
 .text.add_to_waitq_locked
                0x0000000000007628       0x50 zephyr/kernel/libkernel.a(sched.c.obj)
 .text.z_ready_thread
                0x0000000000007678       0x1e zephyr/kernel/libkernel.a(sched.c.obj)
                0x0000000000007678                z_ready_thread
 .text.z_impl_k_thread_suspend
                0x0000000000007696       0x34 zephyr/kernel/libkernel.a(sched.c.obj)
                0x0000000000007696                z_impl_k_thread_suspend
 .text.z_unpend_thread_no_timeout
                0x00000000000076ca       0x22 zephyr/kernel/libkernel.a(sched.c.obj)
                0x00000000000076ca                z_unpend_thread_no_timeout
 .text.z_sched_wake_thread
                0x00000000000076ec       0x42 zephyr/kernel/libkernel.a(sched.c.obj)
                0x00000000000076ec                z_sched_wake_thread
 .text.z_thread_timeout
                0x000000000000772e        0x8 zephyr/kernel/libkernel.a(sched.c.obj)
                0x000000000000772e                z_thread_timeout
 .text.z_unpend1_no_timeout
                0x0000000000007736       0x2c zephyr/kernel/libkernel.a(sched.c.obj)
                0x0000000000007736                z_unpend1_no_timeout
 .text.z_unpend_first_thread
                0x0000000000007762       0x36 zephyr/kernel/libkernel.a(sched.c.obj)
                0x0000000000007762                z_unpend_first_thread
 .text.z_thread_abort
                0x0000000000007798       0x44 zephyr/kernel/libkernel.a(sched.c.obj)
                0x0000000000007798                z_thread_abort
 .text.z_abort_timeout
                0x00000000000077dc       0x2a zephyr/kernel/libkernel.a(timeout.c.obj)
                0x00000000000077dc                z_abort_timeout
 .text.sys_clock_tick_get_32
                0x0000000000007806        0x8 zephyr/kernel/libkernel.a(timeout.c.obj)
                0x0000000000007806                sys_clock_tick_get_32
 .text.z_impl_k_uptime_ticks
                0x000000000000780e        0x4 zephyr/kernel/libkernel.a(timeout.c.obj)
                0x000000000000780e                z_impl_k_uptime_ticks
 .text.k_timer_init
                0x0000000000007812       0x18 zephyr/kernel/libkernel.a(timer.c.obj)
                0x0000000000007812                k_timer_init
 .text.z_impl_k_timer_stop
                0x000000000000782a       0x38 zephyr/kernel/libkernel.a(timer.c.obj)
                0x000000000000782a                z_impl_k_timer_stop
 .text.strnlen  0x0000000000007862       0x18 /home/jerdan/zephyr-sdk-0.16.3/arm-zephyr-eabi/bin/../lib/gcc/../../picolibc/arm-zephyr-eabi/lib/thumb/v7e-m/nofp/libc.a(libc_string_strnlen.c.o)
                0x0000000000007862                strnlen
 .text.__ultoa_invert
                0x000000000000787a       0x58 /home/jerdan/zephyr-sdk-0.16.3/arm-zephyr-eabi/bin/../lib/gcc/../../picolibc/arm-zephyr-eabi/lib/thumb/v7e-m/nofp/libc.a(libc_tinystdio_vfprintf.c.o)
 .text.mulShiftAll64
                0x00000000000078d2      0x176 /home/jerdan/zephyr-sdk-0.16.3/arm-zephyr-eabi/bin/../lib/gcc/../../picolibc/arm-zephyr-eabi/lib/thumb/v7e-m/nofp/libc.a(libc_tinystdio_dtoa_ryu.c.o)
 .text.__umul128
                0x0000000000007a48       0x36 /home/jerdan/zephyr-sdk-0.16.3/arm-zephyr-eabi/bin/../lib/gcc/../../picolibc/arm-zephyr-eabi/lib/thumb/v7e-m/nofp/libc.a(libc_tinystdio_ryu_umul128.c.o)
                0x0000000000007a48                __umul128
 .text.__shiftright128
                0x0000000000007a7e       0x3e /home/jerdan/zephyr-sdk-0.16.3/arm-zephyr-eabi/bin/../lib/gcc/../../picolibc/arm-zephyr-eabi/lib/thumb/v7e-m/nofp/libc.a(libc_tinystdio_ryu_umul128.c.o)
                0x0000000000007a7e                __shiftright128
 .text.memcpy   0x0000000000007abc       0x1c /home/jerdan/zephyr-sdk-0.16.3/arm-zephyr-eabi/bin/../lib/gcc/../../picolibc/arm-zephyr-eabi/lib/thumb/v7e-m/nofp/libc.a(memcpy.c.o)
                0x0000000000007abc                memcpy
                0x0000000000007abc                __aeabi_memcpy
                0x0000000000007abc                __aeabi_memcpy4
                0x0000000000007abc                __aeabi_memcpy8
 .text.memset   0x0000000000007ad8       0x10 /home/jerdan/zephyr-sdk-0.16.3/arm-zephyr-eabi/bin/../lib/gcc/../../picolibc/arm-zephyr-eabi/lib/thumb/v7e-m/nofp/libc.a(memset.c.o)
                0x0000000000007ad8                memset
 .text.__file_str_put
                0x0000000000007ae8       0x10 /home/jerdan/zephyr-sdk-0.16.3/arm-zephyr-eabi/bin/../lib/gcc/../../picolibc/arm-zephyr-eabi/lib/thumb/v7e-m/nofp/libc.a(libc_tinystdio_filestrput.c.o)
                0x0000000000007ae8                __file_str_put
 *(SORT_BY_ALIGNMENT(.TEXT.*))
 .TEXT.__aeabi_read_tp
                0x0000000000007af8        0xc zephyr/arch/arch/arm/core/cortex_m/libarch__arm__core__cortex_m.a(__aeabi_read_tp.S.obj)
                0x0000000000007af8                __aeabi_read_tp
 *(SORT_BY_ALIGNMENT(.gnu.linkonce.t.*))
 *(SORT_BY_ALIGNMENT(.glue_7t))
 .glue_7t       0x0000000000007b04        0x0 linker stubs
 *(SORT_BY_ALIGNMENT(.glue_7))
 .glue_7        0x0000000000007b04        0x0 linker stubs
 *(SORT_BY_ALIGNMENT(.vfp11_veneer))
 .vfp11_veneer  0x0000000000007b04        0x0 linker stubs
 *(SORT_BY_ALIGNMENT(.v4_bx))
 .v4_bx         0x0000000000007b04        0x0 linker stubs
                0x0000000000007b04                . = ALIGN (0x4)
                0x0000000000007b04                __text_region_end = .

.ARM.exidx      0x0000000000007b04        0x8
                0x0000000000007b04                __exidx_start = .
 *(SORT_BY_ALIGNMENT(.ARM.exidx*) SORT_BY_ALIGNMENT(gnu.linkonce.armexidx.*))
 .ARM.exidx     0x0000000000007b04        0x8 /home/jerdan/zephyr-sdk-0.16.3/arm-zephyr-eabi/bin/../lib/gcc/arm-zephyr-eabi/12.2.0/thumb/v7e-m/nofp/libgcc.a(_udivmoddi4.o)
 .ARM.exidx     0x0000000000007b0c        0x0 /home/jerdan/zephyr-sdk-0.16.3/arm-zephyr-eabi/bin/../lib/gcc/../../picolibc/arm-zephyr-eabi/lib/thumb/v7e-m/nofp/libc.a(strlen.S.o)
                                          0x8 (size before relaxing)
                0x0000000000007b0c                __exidx_end = .
                0x0000000000007b0c                __rodata_region_start = .

initlevel       0x0000000000007b0c       0x48
                0x0000000000007b0c                __init_start = .
                0x0000000000007b0c                __init_EARLY_start = .
 *(SORT_BY_NAME(SORT_BY_ALIGNMENT(.z_init_EARLY?_*)))
 *(SORT_BY_NAME(SORT_BY_ALIGNMENT(.z_init_EARLY??_*)))
                0x0000000000007b0c                __init_PRE_KERNEL_1_start = .
 *(SORT_BY_NAME(SORT_BY_ALIGNMENT(.z_init_PRE_KERNEL_1?_*)))
 .z_init_PRE_KERNEL_10_0_
                0x0000000000007b0c        0x8 zephyr/soc/soc/nrf52832/libsoc__nordic.a(soc.c.obj)
 *(SORT_BY_NAME(SORT_BY_ALIGNMENT(.z_init_PRE_KERNEL_1??_*)))
 .z_init_PRE_KERNEL_130_00060_
                0x0000000000007b14        0x8 zephyr/drivers/clock_control/libdrivers__clock_control.a(clock_control_nrf.c.obj)
 .z_init_PRE_KERNEL_130_0_
                0x0000000000007b1c        0x8 modules/segger/libmodules__segger.a(SEGGER_RTT_zephyr.c.obj)
 .z_init_PRE_KERNEL_140_00011_
                0x0000000000007b24        0x8 zephyr/drivers/gpio/libdrivers__gpio.a(gpio_nrfx.c.obj)
 .z_init_PRE_KERNEL_150_00094_
                0x0000000000007b2c        0x8 zephyr/drivers/serial/libdrivers__serial.a(uart_nrfx_uarte.c.obj)
 .z_init_PRE_KERNEL_160_0_
                0x0000000000007b34        0x8 zephyr/drivers/console/libdrivers__console.a(uart_console.c.obj)
                0x0000000000007b3c                __init_PRE_KERNEL_2_start = .
 *(SORT_BY_NAME(SORT_BY_ALIGNMENT(.z_init_PRE_KERNEL_2?_*)))
 .z_init_PRE_KERNEL_20_0_
                0x0000000000007b3c        0x8 zephyr/drivers/timer/libdrivers__timer.a(nrf_rtc_timer.c.obj)
 *(SORT_BY_NAME(SORT_BY_ALIGNMENT(.z_init_PRE_KERNEL_2??_*)))
                0x0000000000007b44                __init_POST_KERNEL_start = .
 *(SORT_BY_NAME(SORT_BY_ALIGNMENT(.z_init_POST_KERNEL?_*)))
 .z_init_POST_KERNEL0_0_
                0x0000000000007b44        0x8 zephyr/libzephyr.a(log_core.c.obj)
 *(SORT_BY_NAME(SORT_BY_ALIGNMENT(.z_init_POST_KERNEL??_*)))
 .z_init_POST_KERNEL35_0_
                0x0000000000007b4c        0x8 zephyr/lib/libc/common/liblib__libc__common.a(malloc.c.obj)
                0x0000000000007b54                __init_APPLICATION_start = .
 *(SORT_BY_NAME(SORT_BY_ALIGNMENT(.z_init_APPLICATION?_*)))
 *(SORT_BY_NAME(SORT_BY_ALIGNMENT(.z_init_APPLICATION??_*)))
                0x0000000000007b54                __init_SMP_start = .
 *(SORT_BY_NAME(SORT_BY_ALIGNMENT(.z_init_SMP?_*)))
 *(SORT_BY_NAME(SORT_BY_ALIGNMENT(.z_init_SMP??_*)))
                0x0000000000007b54                __init_end = .
                0x0000000000007b54                __deferred_init_list_start = .
 *(SORT_BY_ALIGNMENT(.z_deferred_init*))
                0x0000000000007b54                __deferred_init_list_end = .

device_area     0x0000000000007b54       0x3c
                0x0000000000007b54                _device_list_start = .
 *(SORT_BY_NAME(SORT_BY_ALIGNMENT(._device.static.*_?_*)))
 *(SORT_BY_NAME(SORT_BY_ALIGNMENT(._device.static.*_??_*)))
 ._device.static.1_30_
                0x0000000000007b54       0x14 zephyr/drivers/clock_control/libdrivers__clock_control.a(clock_control_nrf.c.obj)
                0x0000000000007b54                __device_dts_ord_60
 ._device.static.1_40_
                0x0000000000007b68       0x14 zephyr/drivers/gpio/libdrivers__gpio.a(gpio_nrfx.c.obj)
                0x0000000000007b68                __device_dts_ord_11
 ._device.static.1_50_
                0x0000000000007b7c       0x14 zephyr/drivers/serial/libdrivers__serial.a(uart_nrfx_uarte.c.obj)
                0x0000000000007b7c                __device_dts_ord_94
                0x0000000000007b90                _device_list_end = .

sw_isr_table    0x0000000000007b90      0x138
                0x0000000000007b90                . = ALIGN (0x4)
 *(SORT_BY_ALIGNMENT(.gnu.linkonce.sw_isr_table*))
 .gnu.linkonce.sw_isr_table
                0x0000000000007b90      0x138 zephyr/arch/common/libisr_tables.a(isr_tables.c.obj)
                0x0000000000007b90                _sw_isr_table

initlevel_error
                0x0000000000007b0c        0x0
 *(SORT_BY_NAME(SORT_BY_ALIGNMENT(.z_init_[_A-Z0-9]*)))
                0x0000000000000001                ASSERT ((SIZEOF (initlevel_error) == 0x0), Undefined initialization levels used.)

app_shmem_regions
                0x0000000000007cc8        0x0
                0x0000000000007cc8                __app_shmem_regions_start = .
 *(SORT_BY_NAME(SORT_BY_ALIGNMENT(.app_regions.*)))
                0x0000000000007cc8                __app_shmem_regions_end = .

k_p4wq_initparam_area
                0x0000000000007cc8        0x0
                0x0000000000007cc8                _k_p4wq_initparam_list_start = .
 *(SORT_BY_NAME(SORT_BY_ALIGNMENT(._k_p4wq_initparam.static.*)))
                0x0000000000007cc8                _k_p4wq_initparam_list_end = .

_static_thread_data_area
                0x0000000000007cc8        0x0
                0x0000000000007cc8                __static_thread_data_list_start = .
 *(SORT_BY_NAME(SORT_BY_ALIGNMENT(.__static_thread_data.static.*)))
                0x0000000000007cc8                __static_thread_data_list_end = .

device_deps     0x0000000000007cc8        0x0
                0x0000000000007cc8                __device_deps_start = .
 *(SORT_BY_NAME(SORT_BY_ALIGNMENT(.__device_deps_pass2*)))
                0x0000000000007cc8                __device_deps_end = .

ztest           0x0000000000007cc8        0x0
                0x0000000000007cc8                _ztest_expected_result_entry_list_start = .
 *(SORT_BY_NAME(SORT_BY_ALIGNMENT(._ztest_expected_result_entry.static.*)))
                0x0000000000007cc8                _ztest_expected_result_entry_list_end = .
                0x0000000000007cc8                _ztest_suite_node_list_start = .
 *(SORT_BY_NAME(SORT_BY_ALIGNMENT(._ztest_suite_node.static.*)))
                0x0000000000007cc8                _ztest_suite_node_list_end = .
                0x0000000000007cc8                _ztest_unit_test_list_start = .
 *(SORT_BY_NAME(SORT_BY_ALIGNMENT(._ztest_unit_test.static.*)))
                0x0000000000007cc8                _ztest_unit_test_list_end = .
                0x0000000000007cc8                _ztest_test_rule_list_start = .
 *(SORT_BY_NAME(SORT_BY_ALIGNMENT(._ztest_test_rule.static.*)))
                0x0000000000007cc8                _ztest_test_rule_list_end = .

init_array      0x0000000000007cc8        0x0
 *(SORT_BY_NAME(SORT_BY_ALIGNMENT(.ctors*)))
 *(SORT_BY_NAME(SORT_BY_ALIGNMENT(.init_array*)))
                0x0000000000000001                ASSERT ((SIZEOF (init_array) == 0x0), GNU-style constructors required but STATIC_INIT_GNU not enabled)

bt_l2cap_fixed_chan_area
                0x0000000000007cc8        0x0
                0x0000000000007cc8                _bt_l2cap_fixed_chan_list_start = .
 *(SORT_BY_NAME(SORT_BY_ALIGNMENT(._bt_l2cap_fixed_chan.static.*)))
                0x0000000000007cc8                _bt_l2cap_fixed_chan_list_end = .

bt_gatt_service_static_area
                0x0000000000007cc8        0x0
                0x0000000000007cc8                _bt_gatt_service_static_list_start = .
 *(SORT_BY_NAME(SORT_BY_ALIGNMENT(._bt_gatt_service_static.static.*)))
                0x0000000000007cc8                _bt_gatt_service_static_list_end = .

log_strings_area
                0x0000000000007cc8        0x0
                0x0000000000007cc8                _log_strings_list_start = .
 *(SORT_BY_NAME(SORT_BY_ALIGNMENT(._log_strings.static.*)))
                0x0000000000007cc8                _log_strings_list_end = .

log_const_area  0x0000000000007cc8       0x48
                0x0000000000007cc8                _log_const_list_start = .
 *(SORT_BY_NAME(SORT_BY_ALIGNMENT(._log_const.static.*)))
 ._log_const.static.log_const_cbprintf_package_
                0x0000000000007cc8        0x8 zephyr/libzephyr.a(cbprintf_packaged.c.obj)
                0x0000000000007cc8                log_const_cbprintf_package
 ._log_const.static.log_const_clock_control_
                0x0000000000007cd0        0x8 zephyr/drivers/clock_control/libdrivers__clock_control.a(clock_control_nrf.c.obj)
                0x0000000000007cd0                log_const_clock_control
 ._log_const.static.log_const_log_
                0x0000000000007cd8        0x8 zephyr/libzephyr.a(log_core.c.obj)
                0x0000000000007cd8                log_const_log
 ._log_const.static.log_const_log_mgmt_
                0x0000000000007ce0        0x8 zephyr/libzephyr.a(log_mgmt.c.obj)
                0x0000000000007ce0                log_const_log_mgmt
 ._log_const.static.log_const_log_uart_
                0x0000000000007ce8        0x8 zephyr/libzephyr.a(log_backend_uart.c.obj)
                0x0000000000007ce8                log_const_log_uart
 ._log_const.static.log_const_mpu_
                0x0000000000007cf0        0x8 zephyr/arch/arch/arm/core/mpu/libarch__arm__core__mpu.a(arm_core_mpu.c.obj)
                0x0000000000007cf0                log_const_mpu
 ._log_const.static.log_const_os_
                0x0000000000007cf8        0x8 zephyr/kernel/libkernel.a(init.c.obj)
                0x0000000000007cf8                log_const_os
 ._log_const.static.log_const_soc_
                0x0000000000007d00        0x8 zephyr/soc/soc/nrf52832/libsoc__nordic.a(soc.c.obj)
                0x0000000000007d00                log_const_soc
 ._log_const.static.log_const_uart_nrfx_uarte_
                0x0000000000007d08        0x8 zephyr/drivers/serial/libdrivers__serial.a(uart_nrfx_uarte.c.obj)
                0x0000000000007d08                log_const_uart_nrfx_uarte
                0x0000000000007d10                _log_const_list_end = .

log_backend_area
                0x0000000000007d10       0x20
                0x0000000000007d10                _log_backend_list_start = .
 *(SORT_BY_NAME(SORT_BY_ALIGNMENT(._log_backend.static.*)))
 ._log_backend.static.log_backend_rtt_
                0x0000000000007d10       0x10 zephyr/libzephyr.a(log_backend_rtt.c.obj)
 ._log_backend.static.log_backend_uart_
                0x0000000000007d20       0x10 zephyr/libzephyr.a(log_backend_uart.c.obj)
                0x0000000000007d30                _log_backend_list_end = .

log_link_area   0x0000000000007d30        0x0
                0x0000000000007d30                _log_link_list_start = .
 *(SORT_BY_NAME(SORT_BY_ALIGNMENT(._log_link.static.*)))
                0x0000000000007d30                _log_link_list_end = .

tracing_backend_area
                0x0000000000007d30        0x0
                0x0000000000007d30                _tracing_backend_list_start = .
 *(SORT_BY_NAME(SORT_BY_ALIGNMENT(._tracing_backend.static.*)))
                0x0000000000007d30                _tracing_backend_list_end = .

zephyr_dbg_info
 *(SORT_BY_ALIGNMENT(.dbg_thread_info))

intc_table_area
                0x0000000000007d30        0x0
                0x0000000000007d30                _intc_table_list_start = .
 *(SORT_BY_NAME(SORT_BY_ALIGNMENT(._intc_table.static.*)))
                0x0000000000007d30                _intc_table_list_end = .

symbol_to_keep  0x0000000000007d30        0x0
                0x0000000000007d30                __symbol_to_keep_start = .
 *(SORT_BY_NAME(SORT_BY_ALIGNMENT(.symbol_to_keep*)))
                0x0000000000007d30                __symbol_to_keep_end = .

shell_area      0x0000000000007d30        0x0
                0x0000000000007d30                _shell_list_start = .
 *(SORT_BY_NAME(SORT_BY_ALIGNMENT(._shell.static.*)))
                0x0000000000007d30                _shell_list_end = .

shell_root_cmds_area
                0x0000000000007d30        0x0
                0x0000000000007d30                _shell_root_cmds_list_start = .
 *(SORT_BY_NAME(SORT_BY_ALIGNMENT(._shell_root_cmds.static.*)))
                0x0000000000007d30                _shell_root_cmds_list_end = .

shell_subcmds_area
                0x0000000000007d30        0x0
                0x0000000000007d30                _shell_subcmds_list_start = .
 *(SORT_BY_NAME(SORT_BY_ALIGNMENT(._shell_subcmds.static.*)))
                0x0000000000007d30                _shell_subcmds_list_end = .

shell_dynamic_subcmds_area
                0x0000000000007d30        0x0
                0x0000000000007d30                _shell_dynamic_subcmds_list_start = .
 *(SORT_BY_NAME(SORT_BY_ALIGNMENT(._shell_dynamic_subcmds.static.*)))
                0x0000000000007d30                _shell_dynamic_subcmds_list_end = .

cfb_font_area   0x0000000000007d30        0x0
                0x0000000000007d30                _cfb_font_list_start = .
 *(SORT_BY_NAME(SORT_BY_ALIGNMENT(._cfb_font.static.*)))
                0x0000000000007d30                _cfb_font_list_end = .

tdata           0x0000000000007d30        0x0
 *(SORT_BY_ALIGNMENT(.tdata) SORT_BY_ALIGNMENT(.tdata.*) SORT_BY_ALIGNMENT(.gnu.linkonce.td.*))

tbss            0x0000000000007d30        0x4
 *(SORT_BY_ALIGNMENT(.tbss) SORT_BY_ALIGNMENT(.tbss.*) SORT_BY_ALIGNMENT(.gnu.linkonce.tb.*) SORT_BY_ALIGNMENT(.tcommon))
 .tbss.z_tls_current
                0x0000000000007d30        0x4 zephyr/libzephyr.a(thread_entry.c.obj)
                0x0000000000007d30                z_tls_current
                0x0000000000007d30                PROVIDE (__tdata_start = LOADADDR (tdata))
                0x0000000000000001                PROVIDE (__tdata_align = ALIGNOF (tdata))
                0x0000000000000000                PROVIDE (__tdata_size = (((SIZEOF (tdata) + __tdata_align) - 0x1) & ~ ((__tdata_align - 0x1))))
                [!provide]                        PROVIDE (__tdata_end = (__tdata_start + __tdata_size))
                0x0000000000000004                PROVIDE (__tbss_align = ALIGNOF (tbss))
                [!provide]                        PROVIDE (__tbss_start = ADDR (tbss))
                0x0000000000000004                PROVIDE (__tbss_size = (((SIZEOF (tbss) + __tbss_align) - 0x1) & ~ ((__tbss_align - 0x1))))
                [!provide]                        PROVIDE (__tbss_end = (__tbss_start + __tbss_size))
                [!provide]                        PROVIDE (__tls_start = __tdata_start)
                [!provide]                        PROVIDE (__tls_end = __tbss_end)
                [!provide]                        PROVIDE (__tls_size = (__tbss_end - __tdata_start))

rodata          0x0000000000007d30      0xe40
 *(SORT_BY_ALIGNMENT(.rodata))
 *(SORT_BY_ALIGNMENT(.rodata.*))
 .rodata.delay_machine_code.0
                0x0000000000007d30        0x6 zephyr/soc/soc/nrf52832/libsoc__nordic.a(soc.c.obj)
 *fill*         0x0000000000007d36        0x2 
 .rodata.DOUBLE_POW5_TABLE
                0x0000000000007d38       0xd0 /home/jerdan/zephyr-sdk-0.16.3/arm-zephyr-eabi/bin/../lib/gcc/../../picolibc/arm-zephyr-eabi/lib/thumb/v7e-m/nofp/libc.a(libc_tinystdio_ryu_table.c.o)
 .rodata.DOUBLE_POW5_SPLIT2
                0x0000000000007e08       0xd0 /home/jerdan/zephyr-sdk-0.16.3/arm-zephyr-eabi/bin/../lib/gcc/../../picolibc/arm-zephyr-eabi/lib/thumb/v7e-m/nofp/libc.a(libc_tinystdio_ryu_table.c.o)
 .rodata.DOUBLE_POW5_INV_SPLIT2
                0x0000000000007ed8       0xf0 /home/jerdan/zephyr-sdk-0.16.3/arm-zephyr-eabi/bin/../lib/gcc/../../picolibc/arm-zephyr-eabi/lib/thumb/v7e-m/nofp/libc.a(libc_tinystdio_ryu_table.c.o)
 .rodata.mpsc_config
                0x0000000000007fc8       0x14 zephyr/libzephyr.a(log_core.c.obj)
 .rodata.format_table
                0x0000000000007fdc       0x10 zephyr/libzephyr.a(log_core.c.obj)
 .rodata.colors
                0x0000000000007fec       0x14 zephyr/libzephyr.a(log_output.c.obj)
 .rodata.severity
                0x0000000000008000       0x14 zephyr/libzephyr.a(log_output.c.obj)
 .rodata.log_backend_rtt_api
                0x0000000000008014       0x1c zephyr/libzephyr.a(log_backend_rtt.c.obj)
                0x0000000000008014                log_backend_rtt_api
 .rodata.log_output_rtt
                0x0000000000008030       0x10 zephyr/libzephyr.a(log_backend_rtt.c.obj)
 .rodata.lbu_cb_ctx
                0x0000000000008040        0x8 zephyr/libzephyr.a(log_backend_uart.c.obj)
 .rodata.lbu_output
                0x0000000000008048       0x10 zephyr/libzephyr.a(log_backend_uart.c.obj)
 .rodata.log_backend_uart_api
                0x0000000000008058       0x1c zephyr/libzephyr.a(log_backend_uart.c.obj)
                0x0000000000008058                log_backend_uart_api
 .rodata.mem_attr_region
                0x0000000000008074        0x0 zephyr/libzephyr.a(mem_attr.c.obj)
 .rodata.static_regions
                0x0000000000008074        0xc zephyr/arch/arch/arm/core/mpu/libarch__arm__core__mpu.a(arm_core_mpu.c.obj)
 .rodata.mpu_config
                0x0000000000008080        0x8 zephyr/arch/arch/arm/core/mpu/libarch__arm__core__mpu.a(arm_mpu_regions.c.obj)
                0x0000000000008080                mpu_config
 .rodata.mpu_regions
                0x0000000000008088       0x18 zephyr/arch/arch/arm/core/mpu/libarch__arm__core__mpu.a(arm_mpu_regions.c.obj)
 .rodata.stdout
                0x00000000000080a0        0x4 zephyr/lib/libc/picolibc/liblib__libc__picolibc.a(libc-hooks.c.obj)
                0x00000000000080a0                stdout
                0x00000000000080a0                stderr
 .rodata.transitions.0
                0x00000000000080a4        0xc zephyr/drivers/clock_control/libdrivers__clock_control.a(clock_control_nrf.c.obj)
 .rodata.config
                0x00000000000080b0       0x18 zephyr/drivers/clock_control/libdrivers__clock_control.a(clock_control_nrf.c.obj)
 .rodata.clock_control_api
                0x00000000000080c8       0x1c zephyr/drivers/clock_control/libdrivers__clock_control.a(clock_control_nrf.c.obj)
 .rodata.gpio_nrfx_p0_cfg
                0x00000000000080e4       0x18 zephyr/drivers/gpio/libdrivers__gpio.a(gpio_nrfx.c.obj)
 .rodata.gpio_nrfx_drv_api_funcs
                0x00000000000080fc       0x24 zephyr/drivers/gpio/libdrivers__gpio.a(gpio_nrfx.c.obj)
 .rodata.uarte_0z_config
                0x0000000000008120       0x1c zephyr/drivers/serial/libdrivers__serial.a(uart_nrfx_uarte.c.obj)
 .rodata.__pinctrl_dev_config__device_dts_ord_94
                0x000000000000813c        0xc zephyr/drivers/serial/libdrivers__serial.a(uart_nrfx_uarte.c.obj)
 .rodata.__pinctrl_states__device_dts_ord_94
                0x0000000000008148        0x8 zephyr/drivers/serial/libdrivers__serial.a(uart_nrfx_uarte.c.obj)
 .rodata.__pinctrl_state_pins_0__device_dts_ord_94
                0x0000000000008150       0x10 zephyr/drivers/serial/libdrivers__serial.a(uart_nrfx_uarte.c.obj)
 .rodata.uart_nrfx_uarte_driver_api
                0x0000000000008160        0xc zephyr/drivers/serial/libdrivers__serial.a(uart_nrfx_uarte.c.obj)
 .rodata.CSWTCH.486
                0x000000000000816c       0x14 zephyr/kernel/libkernel.a(fatal.c.obj)
 .rodata.levels.0
                0x0000000000008180       0x18 zephyr/kernel/libkernel.a(init.c.obj)
 .rodata.POW5_OFFSETS
                0x0000000000008198       0x54 /home/jerdan/zephyr-sdk-0.16.3/arm-zephyr-eabi/bin/../lib/gcc/../../picolibc/arm-zephyr-eabi/lib/thumb/v7e-m/nofp/libc.a(libc_tinystdio_ryu_table.c.o)
 .rodata.POW5_INV_OFFSETS
                0x00000000000081ec       0x54 /home/jerdan/zephyr-sdk-0.16.3/arm-zephyr-eabi/bin/../lib/gcc/../../picolibc/arm-zephyr-eabi/lib/thumb/v7e-m/nofp/libc.a(libc_tinystdio_ryu_table.c.o)
 .rodata.main.str1.1
                0x0000000000008240       0x16 app/libapp.a(main.c.obj)
 .rodata.cbprintf_package_convert.str1.1
                0x0000000000008256       0xa3 zephyr/libzephyr.a(cbprintf_packaged.c.obj)
 .rodata.str1.1
                0x00000000000082f9       0x11 zephyr/libzephyr.a(cbprintf_packaged.c.obj)
 .rodata.enable_logger.str1.1
                0x000000000000830a        0x8 zephyr/libzephyr.a(log_core.c.obj)
 .rodata.str1.1
                0x0000000000008312        0x4 zephyr/libzephyr.a(log_core.c.obj)
 .rodata.str1.1
                0x0000000000008316        0x9 zephyr/libzephyr.a(log_mgmt.c.obj)
 .rodata.z_impl_z_log_msg_static_create.str1.1
                0x000000000000831f       0x3f zephyr/libzephyr.a(log_msg.c.obj)
 .rodata.z_log_msg_runtime_vcreate.str1.1
                0x000000000000835e       0x38 zephyr/libzephyr.a(log_msg.c.obj)
 .rodata.newline_print.str1.1
                0x0000000000008396        0x3 zephyr/libzephyr.a(log_output.c.obj)
                                          0x5 (size before relaxing)
 .rodata.log_output_process.str1.1
                0x0000000000008399       0x4f zephyr/libzephyr.a(log_output.c.obj)
                                         0x51 (size before relaxing)
 .rodata.log_output_dropped_process.str1.1
                0x00000000000083e8       0x4f zephyr/libzephyr.a(log_output.c.obj)
                                          0x3 (size before relaxing)
 .rodata.postfix.0
                0x00000000000083e8       0x1c zephyr/libzephyr.a(log_output.c.obj)
 .rodata.prefix.1
                0x0000000000008404        0xc zephyr/libzephyr.a(log_output.c.obj)
 .rodata.str1.1
                0x0000000000008410       0x20 zephyr/libzephyr.a(log_output.c.obj)
 .rodata.str1.1
                0x0000000000008430       0x10 zephyr/libzephyr.a(log_backend_rtt.c.obj)
 .rodata.str1.1
                0x0000000000008440       0x1a zephyr/libzephyr.a(log_backend_uart.c.obj)
 .rodata.z_arm_fatal_error.str1.1
                0x000000000000845a       0xae zephyr/arch/arch/arm/core/libarch__arm__core.a(fatal.c.obj)
 .rodata.bus_fault.constprop.0.str1.1
                0x0000000000008508       0xca zephyr/arch/arch/arm/core/cortex_m/libarch__arm__core__cortex_m.a(fault.c.obj)
 .rodata.usage_fault.constprop.0.str1.1
                0x00000000000085d2       0xcd zephyr/arch/arch/arm/core/cortex_m/libarch__arm__core__cortex_m.a(fault.c.obj)
 .rodata.mem_manage_fault.str1.1
                0x000000000000869f       0x96 zephyr/arch/arch/arm/core/cortex_m/libarch__arm__core__cortex_m.a(fault.c.obj)
 .rodata.z_arm_fault.str1.1
                0x0000000000008735      0x111 zephyr/arch/arch/arm/core/cortex_m/libarch__arm__core__cortex_m.a(fault.c.obj)
 .rodata.str1.1
                0x0000000000008846        0x4 zephyr/arch/arch/arm/core/mpu/libarch__arm__core__mpu.a(arm_core_mpu.c.obj)
 .rodata.region_allocate_and_init.str1.1
                0x000000000000884a       0x26 zephyr/arch/arch/arm/core/mpu/libarch__arm__core__mpu.a(arm_mpu.c.obj)
 .rodata.mpu_configure_regions.str1.1
                0x0000000000008870       0x23 zephyr/arch/arch/arm/core/mpu/libarch__arm__core__mpu.a(arm_mpu.c.obj)
 .rodata.str1.1
                0x0000000000008893        0xf zephyr/arch/arch/arm/core/mpu/libarch__arm__core__mpu.a(arm_mpu_regions.c.obj)
 .rodata.str1.1
                0x00000000000088a2        0x4 zephyr/soc/soc/nrf52832/libsoc__nordic.a(soc.c.obj)
 .rodata.str1.1
                0x00000000000088a6       0x29 zephyr/drivers/clock_control/libdrivers__clock_control.a(clock_control_nrf.c.obj)
 .rodata.str1.1
                0x00000000000088cf        0xe zephyr/drivers/gpio/libdrivers__gpio.a(gpio_nrfx.c.obj)
 .rodata.drive_modes
                0x00000000000088dd        0x8 zephyr/drivers/pinctrl/libdrivers__pinctrl.a(pinctrl_nrf.c.obj)
 .rodata.uarte_0_init.str1.1
                0x00000000000088e5       0x1f zephyr/drivers/serial/libdrivers__serial.a(uart_nrfx_uarte.c.obj)
 .rodata.str1.1
                0x0000000000008904       0x1e zephyr/drivers/serial/libdrivers__serial.a(uart_nrfx_uarte.c.obj)
 .rodata.CSWTCH.20
                0x0000000000008922        0x5 modules/hal_nordic/nrfx/libmodules__hal_nordic__nrfx.a(system_nrf52.c.obj)
 .rodata.CSWTCH.18
                0x0000000000008927        0x5 modules/hal_nordic/nrfx/libmodules__hal_nordic__nrfx.a(system_nrf52.c.obj)
 .rodata.CSWTCH.14
                0x000000000000892c        0x5 modules/hal_nordic/nrfx/libmodules__hal_nordic__nrfx.a(system_nrf52.c.obj)
 .rodata.CSWTCH.4
                0x0000000000008931        0x5 modules/hal_nordic/nrfx/libmodules__hal_nordic__nrfx.a(system_nrf52.c.obj)
 .rodata._DoInit.str1.1
                0x0000000000008936        0x9 modules/segger/libmodules__segger.a(SEGGER_RTT.c.obj)
 .rodata._aInitStr.0
                0x000000000000893f       0x11 modules/segger/libmodules__segger.a(SEGGER_RTT.c.obj)
 .rodata.k_sys_fatal_error_handler.str1.1
                0x0000000000008950        0xf zephyr/kernel/libkernel.a(fatal.c.obj)
 .rodata.z_fatal_error.str1.1
                0x000000000000895f       0x77 zephyr/kernel/libkernel.a(fatal.c.obj)
 .rodata.str1.1
                0x00000000000089d6       0x4a zephyr/kernel/libkernel.a(fatal.c.obj)
 .rodata.z_cstart.str1.1
                0x0000000000008a20        0x5 zephyr/kernel/libkernel.a(init.c.obj)
 .rodata.str1.1
                0x0000000000008a25        0x3 zephyr/kernel/libkernel.a(init.c.obj)
 .rodata.boot_banner.str1.1
                0x0000000000008a28       0x3b zephyr/kernel/libkernel.a(banner.c.obj)
 .rodata._ctype_
                0x0000000000008a63      0x101 /home/jerdan/zephyr-sdk-0.16.3/arm-zephyr-eabi/bin/../lib/gcc/../../picolibc/arm-zephyr-eabi/lib/thumb/v7e-m/nofp/libc.a(libc_ctype_ctype_.c.o)
                0x0000000000008a63                _ctype_
 .rodata.vfprintf.str1.1
                0x0000000000008b64        0xb /home/jerdan/zephyr-sdk-0.16.3/arm-zephyr-eabi/bin/../lib/gcc/../../picolibc/arm-zephyr-eabi/lib/thumb/v7e-m/nofp/libc.a(libc_tinystdio_vfprintf.c.o)
                                          0xf (size before relaxing)
 *(SORT_BY_ALIGNMENT(.gnu.linkonce.r.*))
                0x0000000000008b70                . = ALIGN (0x4)
 *fill*         0x0000000000008b6f        0x1 
                0x0000000000008b70                __rodata_region_end = .
                0x0000000000008b80                . = ALIGN (_region_min_align)
                0x0000000000010000                . = ALIGN ((0x1 << LOG2CEIL ((__rodata_region_end - ADDR (rom_start)))))
                0x0000000000010000                __rom_region_end = ((__rom_region_start + .) - ADDR (rom_start))

/DISCARD/
 *(SORT_BY_ALIGNMENT(.got.plt))
 *(SORT_BY_ALIGNMENT(.igot.plt))
 *(SORT_BY_ALIGNMENT(.got))
 *(SORT_BY_ALIGNMENT(.igot))
                0x0000000020000000                . = 0x20000000
                0x0000000020000000                . = ALIGN (_region_min_align)
                0x0000000020000000                _image_ram_start = .

_RTT_SECTION_NAME
                0x0000000020000000      0x4b8
                0x0000000020000000                __rtt_buff_data_start = .
 *(SORT_BY_ALIGNMENT(.rtt_buff_data))
 .rtt_buff_data
                0x0000000020000000      0x4b8 modules/segger/libmodules__segger.a(SEGGER_RTT.c.obj)
                0x0000000020000410                _SEGGER_RTT
                0x00000000200004b8                __rtt_buff_data_end = ALIGN (0x4)
                0x00000000000004b8                __rtt_buff_data_size = (__rtt_buff_data_end - __rtt_buff_data_start)

.ramfunc        0x00000000200004b8        0x8 load address 0x0000000000008b70
                0x00000000200004c0                . = ALIGN (_region_min_align)
 *fill*         0x00000000200004b8        0x8 
                0x00000000200004c0                . = ALIGN ((0x1 << LOG2CEIL (__ramfunc_size)))
                0x00000000200004c0                __ramfunc_start = .
 *(SORT_BY_ALIGNMENT(.ramfunc))
 *(SORT_BY_ALIGNMENT(.ramfunc.*))
                0x00000000200004c0                . = ALIGN (_region_min_align)
                0x00000000200004c0                . = ALIGN ((0x1 << LOG2CEIL (__ramfunc_size)))
                0x00000000200004c0                __ramfunc_end = .
                0x0000000000000000                __ramfunc_size = (__ramfunc_end - __ramfunc_start)
                0x0000000000008b70                __ramfunc_load_start = LOADADDR (.ramfunc)

datas           0x00000000200004c0       0xa4 load address 0x0000000000008b78
                0x00000000200004c0                __data_region_start = .
                0x00000000200004c0                __data_start = .
 *(SORT_BY_ALIGNMENT(.data))
 *(SORT_BY_ALIGNMENT(.data.*))
 .data._char_out
                0x00000000200004c0        0x4 zephyr/libzephyr.a(printk.c.obj)
 .data.timestamp_func
                0x00000000200004c4        0x4 zephyr/libzephyr.a(log_core.c.obj)
 .data.backend_cb_log_backend_uart
                0x00000000200004c8        0x8 zephyr/libzephyr.a(log_backend_uart.c.obj)
 .data.__stdout
                0x00000000200004d0       0x10 zephyr/lib/libc/picolibc/liblib__libc__picolibc.a(libc-hooks.c.obj)
 .data.uarte_0_data
                0x00000000200004e0       0x14 zephyr/drivers/serial/libdrivers__serial.a(uart_nrfx_uarte.c.obj)
 .data.m_cb     0x00000000200004f4       0x64 modules/hal_nordic/nrfx/libmodules__hal_nordic__nrfx.a(nrfx_gpiote.c.obj)
 .data.m_channels_allocated
                0x0000000020000558        0x4 modules/hal_nordic/nrfx/libmodules__hal_nordic__nrfx.a(nrfx_ppi.c.obj)
 .data.timeout_list
                0x000000002000055c        0x8 zephyr/kernel/libkernel.a(timeout.c.obj)
 *(SORT_BY_ALIGNMENT(.kernel.*))
                0x0000000020000564                __data_end = .
                0x00000000000000a4                __data_size = (__data_end - __data_start)
                0x0000000000008b78                __data_load_start = LOADADDR (datas)
                0x0000000000008b78                __data_region_load_start = LOADADDR (datas)
